Archive member included to satisfy reference by file (symbol)

c:/program files (x86)/atmel/studio/7.0/toolchain/arm/arm-gnu-toolchain/bin/../lib/gcc/arm-none-eabi/6.3.1/thumb/v7e-m\libgcc.a(_arm_addsubdf3.o)
                              src/main.o (__aeabi_f2d)
c:/program files (x86)/atmel/studio/7.0/toolchain/arm/arm-gnu-toolchain/bin/../lib/gcc/arm-none-eabi/6.3.1/../../../../arm-none-eabi/lib/thumb/v7e-m\libc.a(lib_a-exit.o)
                              c:/program files (x86)/atmel/studio/7.0/toolchain/arm/arm-gnu-toolchain/bin/../lib/gcc/arm-none-eabi/6.3.1/../../../../arm-none-eabi/lib/thumb/v7e-m/crt0.o (exit)
c:/program files (x86)/atmel/studio/7.0/toolchain/arm/arm-gnu-toolchain/bin/../lib/gcc/arm-none-eabi/6.3.1/../../../../arm-none-eabi/lib/thumb/v7e-m\libc.a(lib_a-impure.o)
                              c:/program files (x86)/atmel/studio/7.0/toolchain/arm/arm-gnu-toolchain/bin/../lib/gcc/arm-none-eabi/6.3.1/../../../../arm-none-eabi/lib/thumb/v7e-m\libc.a(lib_a-exit.o) (_global_impure_ptr)
c:/program files (x86)/atmel/studio/7.0/toolchain/arm/arm-gnu-toolchain/bin/../lib/gcc/arm-none-eabi/6.3.1/../../../../arm-none-eabi/lib/thumb/v7e-m\libc.a(lib_a-init.o)
                              c:/program files (x86)/atmel/studio/7.0/toolchain/arm/arm-gnu-toolchain/bin/../lib/gcc/arm-none-eabi/6.3.1/../../../../arm-none-eabi/lib/thumb/v7e-m/crt0.o (__libc_init_array)
c:/program files (x86)/atmel/studio/7.0/toolchain/arm/arm-gnu-toolchain/bin/../lib/gcc/arm-none-eabi/6.3.1/../../../../arm-none-eabi/lib/thumb/v7e-m\libc.a(lib_a-memset.o)
                              c:/program files (x86)/atmel/studio/7.0/toolchain/arm/arm-gnu-toolchain/bin/../lib/gcc/arm-none-eabi/6.3.1/../../../../arm-none-eabi/lib/thumb/v7e-m/crt0.o (memset)
c:/program files (x86)/atmel/studio/7.0/toolchain/arm/arm-gnu-toolchain/bin/../lib/gcc/arm-none-eabi/6.3.1/../../../../arm-none-eabi/lib/thumb/v7e-m\libc.a(lib_a-sprintf.o)
                              src/main.o (sprintf)
c:/program files (x86)/atmel/studio/7.0/toolchain/arm/arm-gnu-toolchain/bin/../lib/gcc/arm-none-eabi/6.3.1/../../../../arm-none-eabi/lib/thumb/v7e-m\libc.a(lib_a-svfprintf.o)
                              c:/program files (x86)/atmel/studio/7.0/toolchain/arm/arm-gnu-toolchain/bin/../lib/gcc/arm-none-eabi/6.3.1/../../../../arm-none-eabi/lib/thumb/v7e-m\libc.a(lib_a-sprintf.o) (_svfprintf_r)
c:/program files (x86)/atmel/studio/7.0/toolchain/arm/arm-gnu-toolchain/bin/../lib/gcc/arm-none-eabi/6.3.1/../../../../arm-none-eabi/lib/thumb/v7e-m\libc.a(lib_a-__call_atexit.o)
                              c:/program files (x86)/atmel/studio/7.0/toolchain/arm/arm-gnu-toolchain/bin/../lib/gcc/arm-none-eabi/6.3.1/../../../../arm-none-eabi/lib/thumb/v7e-m\libc.a(lib_a-exit.o) (__call_exitprocs)
c:/program files (x86)/atmel/studio/7.0/toolchain/arm/arm-gnu-toolchain/bin/../lib/gcc/arm-none-eabi/6.3.1/../../../../arm-none-eabi/lib/thumb/v7e-m\libc.a(lib_a-atexit.o)
                              c:/program files (x86)/atmel/studio/7.0/toolchain/arm/arm-gnu-toolchain/bin/../lib/gcc/arm-none-eabi/6.3.1/../../../../arm-none-eabi/lib/thumb/v7e-m\libc.a(lib_a-__call_atexit.o) (atexit)
c:/program files (x86)/atmel/studio/7.0/toolchain/arm/arm-gnu-toolchain/bin/../lib/gcc/arm-none-eabi/6.3.1/../../../../arm-none-eabi/lib/thumb/v7e-m\libc.a(lib_a-dtoa.o)
                              c:/program files (x86)/atmel/studio/7.0/toolchain/arm/arm-gnu-toolchain/bin/../lib/gcc/arm-none-eabi/6.3.1/../../../../arm-none-eabi/lib/thumb/v7e-m\libc.a(lib_a-svfprintf.o) (_dtoa_r)
c:/program files (x86)/atmel/studio/7.0/toolchain/arm/arm-gnu-toolchain/bin/../lib/gcc/arm-none-eabi/6.3.1/../../../../arm-none-eabi/lib/thumb/v7e-m\libc.a(lib_a-fini.o)
                              c:/program files (x86)/atmel/studio/7.0/toolchain/arm/arm-gnu-toolchain/bin/../lib/gcc/arm-none-eabi/6.3.1/../../../../arm-none-eabi/lib/thumb/v7e-m\libc.a(lib_a-__call_atexit.o) (__libc_fini_array)
c:/program files (x86)/atmel/studio/7.0/toolchain/arm/arm-gnu-toolchain/bin/../lib/gcc/arm-none-eabi/6.3.1/../../../../arm-none-eabi/lib/thumb/v7e-m\libc.a(lib_a-localeconv.o)
                              c:/program files (x86)/atmel/studio/7.0/toolchain/arm/arm-gnu-toolchain/bin/../lib/gcc/arm-none-eabi/6.3.1/../../../../arm-none-eabi/lib/thumb/v7e-m\libc.a(lib_a-svfprintf.o) (_localeconv_r)
c:/program files (x86)/atmel/studio/7.0/toolchain/arm/arm-gnu-toolchain/bin/../lib/gcc/arm-none-eabi/6.3.1/../../../../arm-none-eabi/lib/thumb/v7e-m\libc.a(lib_a-lock.o)
                              c:/program files (x86)/atmel/studio/7.0/toolchain/arm/arm-gnu-toolchain/bin/../lib/gcc/arm-none-eabi/6.3.1/../../../../arm-none-eabi/lib/thumb/v7e-m\libc.a(lib_a-__call_atexit.o) (__retarget_lock_acquire_recursive)
c:/program files (x86)/atmel/studio/7.0/toolchain/arm/arm-gnu-toolchain/bin/../lib/gcc/arm-none-eabi/6.3.1/../../../../arm-none-eabi/lib/thumb/v7e-m\libc.a(lib_a-mallocr.o)
[...]
Memory Configuration

Name             Origin             Length             Attributes
rom              0x00400000         0x00200000         xr
ram              0x20400000         0x00060000         xrw
*default*        0x00000000         0xffffffff

Linker script and memory map

LOAD c:/program files (x86)/atmel/studio/7.0/toolchain/arm/arm-gnu-toolchain/bin/../lib/gcc/arm-none-eabi/6.3.1/thumb/v7e-m/crti.o
LOAD c:/program files (x86)/atmel/studio/7.0/toolchain/arm/arm-gnu-toolchain/bin/../lib/gcc/arm-none-eabi/6.3.1/thumb/v7e-m/crtbegin.o
LOAD c:/program files (x86)/atmel/studio/7.0/toolchain/arm/arm-gnu-toolchain/bin/../lib/gcc/arm-none-eabi/6.3.1/../../../../arm-none-eabi/lib/thumb/v7e-m/crt0.o
LOAD src/ASF/sam/drivers/rtt/rtt.o
LOAD src/ASF/sam/drivers/spi/spi.o
LOAD src/ASF/sam/drivers/tc/tc.o
LOAD src/oled/gfx_mono_framebuffer.o
LOAD src/oled/gfx_mono_generic.o
LOAD src/oled/gfx_mono_text.o
LOAD src/oled/gfx_mono_ug_2832hsweg04.o
LOAD src/oled/ssd1306.o
LOAD src/oled/sysfont.o
LOAD src/ASF/common/services/delay/sam/cycle_counter.o
LOAD src/ASF/common/services/clock/same70/sysclk.o
LOAD src/ASF/common/utils/interrupt/interrupt_sam_nvic.o
LOAD src/ASF/sam/boards/same70_xplained/init.o
LOAD src/ASF/sam/drivers/mpu/mpu.o
LOAD src/ASF/sam/drivers/pio/pio.o
LOAD src/ASF/sam/drivers/pio/pio_handler.o
LOAD src/ASF/sam/drivers/pmc/pmc.o
LOAD src/ASF/sam/drivers/pmc/sleep.o
LOAD src/ASF/sam/utils/cmsis/same70/source/templates/gcc/startup_same70.o
LOAD src/ASF/sam/utils/cmsis/same70/source/templates/system_same70.o
LOAD src/ASF/sam/utils/syscalls/gcc/syscalls.o
LOAD src/main.o
START GROUP
LOAD ../src/ASF/thirdparty/CMSIS/Lib/GCC\libarm_cortexM7lfsp_math_softfp.a
LOAD c:/program files (x86)/atmel/studio/7.0/toolchain/arm/arm-gnu-toolchain/bin/../lib/gcc/arm-none-eabi/6.3.1/../../../../arm-none-eabi/lib/thumb/v7e-m\libm.a
END GROUP
START GROUP
LOAD c:/program files (x86)/atmel/studio/7.0/toolchain/arm/arm-gnu-toolchain/bin/../lib/gcc/arm-none-eabi/6.3.1/thumb/v7e-m\libgcc.a
LOAD c:/program files (x86)/atmel/studio/7.0/toolchain/arm/arm-gnu-toolchain/bin/../lib/gcc/arm-none-eabi/6.3.1/../../../../arm-none-eabi/lib/thumb/v7e-m\libc.a
END GROUP
LOAD c:/program files (x86)/atmel/studio/7.0/toolchain/arm/arm-gnu-toolchain/bin/../lib/gcc/arm-none-eabi/6.3.1/thumb/v7e-m/crtend.o
LOAD c:/program files (x86)/atmel/studio/7.0/toolchain/arm/arm-gnu-toolchain/bin/../lib/gcc/arm-none-eabi/6.3.1/thumb/v7e-m/crtn.o
                0x00002000                STACK_SIZE = DEFINED (STACK_SIZE)?STACK_SIZE:0x2000
                0x2045fffc                __ram_end__ = ((ORIGIN (ram) + LENGTH (ram)) - 0x4)
                0x00000200                HEAP_SIZE = DEFINED (HEAP_SIZE)?HEAP_SIZE:0x200

.text           0x00400000     0x708c
                0x00400000                . = ALIGN (0x4)
                0x00400000                _sfixed = .
 *(.vectors .vectors.*)
 .vectors       0x00400000      0x140 src/ASF/sam/utils/cmsis/same70/source/templates/gcc/startup_same70.o
                0x00400000                exception_table
 *(.text .text.* .gnu.linkonce.t.*)
 .text          0x00400140       0x6c c:/program files (x86)/atmel/studio/7.0/toolchain/arm/arm-gnu-toolchain/bin/../lib/gcc/arm-none-eabi/6.3.1/thumb/v7e-m/crtbegin.o
 .text.rtt_init
                0x004001ac       0x14 src/ASF/sam/drivers/rtt/rtt.o
                0x004001ac                rtt_init
 .text.rtt_sel_source
                0x004001c0       0x2c src/ASF/sam/drivers/rtt/rtt.o
                0x004001c0                rtt_sel_source
 .text.rtt_disable_interrupt
                0x004001ec       0x14 src/ASF/sam/drivers/rtt/rtt.o
                0x004001ec                rtt_disable_interrupt
 .text.rtt_read_timer_value
                0x00400200       0x14 src/ASF/sam/drivers/rtt/rtt.o
                0x00400200                rtt_read_timer_value
 .text.rtt_get_status
                0x00400214        0x4 src/ASF/sam/drivers/rtt/rtt.o
                0x00400214                rtt_get_status
 .text.spi_enable_clock
                0x00400218       0x2c src/ASF/sam/drivers/spi/spi.o
                0x00400218                spi_enable_clock
 .text.spi_set_peripheral_chip_select_value
                0x00400244       0x16 src/ASF/sam/drivers/spi/spi.o
                0x00400244                spi_set_peripheral_chip_select_value
 .text.spi_write
                0x0040025a       0x34 src/ASF/sam/drivers/spi/spi.o
                0x0040025a                spi_write
 .text.spi_set_clock_polarity
                0x0040028e       0x1e src/ASF/sam/drivers/spi/spi.o
                0x0040028e                spi_set_clock_polarity
 .text.spi_set_clock_phase
                0x004002ac       0x1e src/ASF/sam/drivers/spi/spi.o
                0x004002ac                spi_set_clock_phase
 .text.spi_configure_cs_behavior
                0x004002ca       0x46 src/ASF/sam/drivers/spi/spi.o
                0x004002ca                spi_configure_cs_behavior
 .text.spi_set_bits_per_transfer
                0x00400310       0x14 src/ASF/sam/drivers/spi/spi.o
                0x00400310                spi_set_bits_per_transfer
 .text.spi_calc_baudrate_div
                0x00400324       0x16 src/ASF/sam/drivers/spi/spi.o
                0x00400324                spi_calc_baudrate_div
 .text.spi_set_baudrate_div
                0x0040033a       0x28 src/ASF/sam/drivers/spi/spi.o
                0x0040033a                spi_set_baudrate_div
 .text.tc_init  0x00400362       0x1a src/ASF/sam/drivers/tc/tc.o
                0x00400362                tc_init
 .text.tc_start
                0x0040037c        0x8 src/ASF/sam/drivers/tc/tc.o
                0x0040037c                tc_start
 .text.tc_stop  0x00400384        0x8 src/ASF/sam/drivers/tc/tc.o
                0x00400384                tc_stop
 .text.tc_write_rc
                0x0040038c        0x8 src/ASF/sam/drivers/tc/tc.o
                0x0040038c                tc_write_rc
 .text.tc_enable_interrupt
                0x00400394        0x8 src/ASF/sam/drivers/tc/tc.o
                0x00400394                tc_enable_interrupt
 .text.tc_get_status
                0x0040039c        0x8 src/ASF/sam/drivers/tc/tc.o
                0x0040039c                tc_get_status
 .text.tc_find_mck_divisor
                0x004003a4       0x70 src/ASF/sam/drivers/tc/tc.o
                0x004003a4                tc_find_mck_divisor
 .text.gfx_mono_set_framebuffer
                0x00400414        0xc src/oled/gfx_mono_framebuffer.o
                0x00400414                gfx_mono_set_framebuffer
 .text.gfx_mono_framebuffer_put_byte
                0x00400420       0x10 src/oled/gfx_mono_framebuffer.o
                0x00400420                gfx_mono_framebuffer_put_byte
 .text.gfx_mono_framebuffer_get_byte
                0x00400430       0x10 src/oled/gfx_mono_framebuffer.o
                0x00400430                gfx_mono_framebuffer_get_byte
 .text.gfx_mono_generic_draw_horizontal_line
                0x00400440       0xd0 src/oled/gfx_mono_generic.o
                0x00400440                gfx_mono_generic_draw_horizontal_line
 .text.gfx_mono_generic_draw_filled_rect
                0x00400510       0x38 src/oled/gfx_mono_generic.o
                0x00400510                gfx_mono_generic_draw_filled_rect
 .text.gfx_mono_draw_char
                0x00400548       0xac src/oled/gfx_mono_text.o
                0x00400548                gfx_mono_draw_char
 .text.gfx_mono_draw_string
                0x004005f4       0x48 src/oled/gfx_mono_text.o
                0x004005f4                gfx_mono_draw_string
 .text.gfx_mono_ssd1306_put_byte
                0x0040063c       0x50 src/oled/gfx_mono_ug_2832hsweg04.o
                0x0040063c                gfx_mono_ssd1306_put_byte
 .text.gfx_mono_ssd1306_init
                0x0040068c       0x50 src/oled/gfx_mono_ug_2832hsweg04.o
                0x0040068c                gfx_mono_ssd1306_init
 .text.gfx_mono_ssd1306_draw_pixel
                0x004006dc       0x64 src/oled/gfx_mono_ug_2832hsweg04.o
                0x004006dc                gfx_mono_ssd1306_draw_pixel
 .text.gfx_mono_ssd1306_get_byte
                0x00400740        0xc src/oled/gfx_mono_ug_2832hsweg04.o
                0x00400740                gfx_mono_ssd1306_get_byte
 .text.ssd1306_write_command
                0x0040074c       0x40 src/oled/ssd1306.o
                0x0040074c                ssd1306_write_command
 .text.ssd1306_init
                0x0040078c      0x1e0 src/oled/ssd1306.o
                0x0040078c                ssd1306_init
 .text.ssd1306_write_data
                0x0040096c       0x40 src/oled/ssd1306.o
                0x0040096c                ssd1306_write_data
 .text.sysclk_init
                0x004009ac       0x70 src/ASF/common/services/clock/same70/sysclk.o
                0x004009ac                sysclk_init
 .text.board_init
                0x00400a1c      0x140 src/ASF/sam/boards/same70_xplained/init.o
                0x00400a1c                board_init
 .text.pio_set_debounce_filter
                0x00400b5c       0x1a src/ASF/sam/drivers/pio/pio.o
                0x00400b5c                pio_set_debounce_filter
 .text.pio_set  0x00400b76        0x4 src/ASF/sam/drivers/pio/pio.o
                0x00400b76                pio_set
 .text.pio_clear
                0x00400b7a        0x4 src/ASF/sam/drivers/pio/pio.o
                0x00400b7a                pio_clear
 .text.pio_set_peripheral
                0x00400b7e       0x92 src/ASF/sam/drivers/pio/pio.o
                0x00400b7e                pio_set_peripheral
 .text.pio_set_input
                0x00400c10       0x36 src/ASF/sam/drivers/pio/pio.o
                0x00400c10                pio_set_input
 .text.pio_set_output
                0x00400c46       0x28 src/ASF/sam/drivers/pio/pio.o
                0x00400c46                pio_set_output
 *fill*         0x00400c6e        0x2 
 .text.pio_configure
                0x00400c70       0x90 src/ASF/sam/drivers/pio/pio.o
                0x00400c70                pio_configure
 .text.pio_configure_interrupt
                0x00400d00       0x32 src/ASF/sam/drivers/pio/pio.o
                0x00400d00                pio_configure_interrupt
 .text.pio_enable_interrupt
                0x00400d32        0x4 src/ASF/sam/drivers/pio/pio.o
                0x00400d32                pio_enable_interrupt
 .text.pio_get_interrupt_status
                0x00400d36        0x4 src/ASF/sam/drivers/pio/pio.o
                0x00400d36                pio_get_interrupt_status
 .text.pio_get_interrupt_mask
                0x00400d3a        0x4 src/ASF/sam/drivers/pio/pio.o
                0x00400d3a                pio_get_interrupt_mask
 *fill*         0x00400d3e        0x2 
 .text.pio_handler_process
                0x00400d40       0x50 src/ASF/sam/drivers/pio/pio_handler.o
                0x00400d40                pio_handler_process
 .text.pio_handler_set
                0x00400d90       0x70 src/ASF/sam/drivers/pio/pio_handler.o
                0x00400d90                pio_handler_set
 .text.PIOA_Handler
                0x00400e00       0x14 src/ASF/sam/drivers/pio/pio_handler.o
                0x00400e00                PIOA_Handler
 .text.PIOB_Handler
                0x00400e14       0x14 src/ASF/sam/drivers/pio/pio_handler.o
                0x00400e14                PIOB_Handler
 .text.PIOC_Handler
                0x00400e28       0x14 src/ASF/sam/drivers/pio/pio_handler.o
                0x00400e28                PIOC_Handler
 .text.PIOD_Handler
                0x00400e3c       0x14 src/ASF/sam/drivers/pio/pio_handler.o
                0x00400e3c                PIOD_Handler
 .text.PIOE_Handler
                0x00400e50       0x14 src/ASF/sam/drivers/pio/pio_handler.o
                0x00400e50                PIOE_Handler
 .text.pmc_mck_set_division
                0x00400e64       0x38 src/ASF/sam/drivers/pmc/pmc.o
                0x00400e64                pmc_mck_set_division
 .text.pmc_switch_mck_to_pllack
                0x00400e9c       0x64 src/ASF/sam/drivers/pmc/pmc.o
                0x00400e9c                pmc_switch_mck_to_pllack
 .text.pmc_switch_mainck_to_xtal
                0x00400f00       0x54 src/ASF/sam/drivers/pmc/pmc.o
                0x00400f00                pmc_switch_mainck_to_xtal
 .text.pmc_osc_is_ready_mainck
                0x00400f54       0x10 src/ASF/sam/drivers/pmc/pmc.o
                0x00400f54                pmc_osc_is_ready_mainck
 .text.pmc_disable_pllack
                0x00400f64       0x10 src/ASF/sam/drivers/pmc/pmc.o
                0x00400f64                pmc_disable_pllack
 .text.pmc_is_locked_pllack
                0x00400f74       0x10 src/ASF/sam/drivers/pmc/pmc.o
                0x00400f74                pmc_is_locked_pllack
 .text.pmc_enable_periph_clk
                0x00400f84       0x54 src/ASF/sam/drivers/pmc/pmc.o
                0x00400f84                pmc_enable_periph_clk
 .text.pmc_set_flash_in_wait_mode
                0x00400fd8        0x2 src/ASF/sam/drivers/pmc/pmc.o
                0x00400fd8                pmc_set_flash_in_wait_mode
 *fill*         0x00400fda        0x2 
 .text.pmc_enable_waitmode
                0x00400fdc       0x4c src/ASF/sam/drivers/pmc/pmc.o
                0x00400fdc                pmc_enable_waitmode
 .text.pmc_sleep
                0x00401028      0x274 src/ASF/sam/drivers/pmc/sleep.o
                0x00401028                pmc_sleep
 .text.Dummy_Handler
                0x0040129c        0x2 src/ASF/sam/utils/cmsis/same70/source/templates/gcc/startup_same70.o
                0x0040129c                DACC_Handler
                0x0040129c                DebugMon_Handler
                0x0040129c                UART3_Handler
                0x0040129c                UART2_Handler
                0x0040129c                TRNG_Handler
                0x0040129c                HardFault_Handler
                0x0040129c                TC2_Handler
                0x0040129c                SysTick_Handler
                0x0040129c                AFEC1_Handler
                0x0040129c                PendSV_Handler
                0x0040129c                NMI_Handler
                0x0040129c                TC7_Handler
                0x0040129c                QSPI_Handler
                0x0040129c                ISI_Handler
                0x0040129c                TC9_Handler
                0x0040129c                RSWDT_Handler
                0x0040129c                MCAN1_Handler
                0x0040129c                USART0_Handler
                0x0040129c                USBHS_Handler
                0x0040129c                RTC_Handler
                0x0040129c                UsageFault_Handler
                0x0040129c                TC6_Handler
                0x0040129c                WDT_Handler
                0x0040129c                TC4_Handler
                0x0040129c                TC1_Handler
                0x0040129c                HSMCI_Handler
                0x0040129c                UART1_Handler
                0x0040129c                TC3_Handler
                0x0040129c                Dummy_Handler
                0x0040129c                TWIHS1_Handler
                0x0040129c                XDMAC_Handler
                0x0040129c                UART4_Handler
                0x0040129c                PWM1_Handler
                0x0040129c                USART1_Handler
                0x0040129c                PWM0_Handler
                0x0040129c                AFEC0_Handler
                0x0040129c                SSC_Handler
                0x0040129c                TC11_Handler
                0x0040129c                ACC_Handler
                0x0040129c                PMC_Handler
                0x0040129c                GMAC_Handler
                0x0040129c                MemManage_Handler
                0x0040129c                SUPC_Handler
                0x0040129c                SVC_Handler
                0x0040129c                TC8_Handler
                0x0040129c                EFC_Handler
                0x0040129c                USART2_Handler
                0x0040129c                SDRAMC_Handler
                0x0040129c                SPI1_Handler
                0x0040129c                MCAN0_Handler
                0x0040129c                TC10_Handler
                0x0040129c                TWIHS2_Handler
                0x0040129c                UART0_Handler
                0x0040129c                BusFault_Handler
                0x0040129c                RSTC_Handler
                0x0040129c                TC5_Handler
                0x0040129c                ICM_Handler
                0x0040129c                AES_Handler
                0x0040129c                TWIHS0_Handler
                0x0040129c                SPI0_Handler
 *fill*         0x0040129e        0x2 
 .text.Reset_Handler
                0x004012a0       0xc8 src/ASF/sam/utils/cmsis/same70/source/templates/gcc/startup_same70.o
                0x004012a0                Reset_Handler
 .text.SystemCoreClockUpdate
                0x00401368      0x10c src/ASF/sam/utils/cmsis/same70/source/templates/system_same70.o
                0x00401368                SystemCoreClockUpdate
 .text.system_init_flash
                0x00401474       0x8c src/ASF/sam/utils/cmsis/same70/source/templates/system_same70.o
                0x00401474                system_init_flash
 .text._sbrk    0x00401500       0x38 src/ASF/sam/utils/syscalls/gcc/syscalls.o
                0x00401500                _sbrk
 .text.but_callback
                0x00401538        0xc src/main.o
                0x00401538                but_callback
 .text.echo_callback
                0x00401544       0xc4 src/main.o
                0x00401544                echo_callback
 .text.RTT_Handler
                0x00401608       0x14 src/main.o
                0x00401608                RTT_Handler
 .text.TC0_Handler
                0x0040161c       0x28 src/main.o
                0x0040161c                TC0_Handler
 .text.TC_init  0x00401644       0xa8 src/main.o
                0x00401644                TC_init
 .text.pulse    0x004016ec       0x34 src/main.o
                0x004016ec                pulse
 .text.update_memo
                0x00401720       0x26 src/main.o
                0x00401720                update_memo
 *fill*         0x00401746        0x2 
 .text.clear_display
                0x00401748       0x1c src/main.o
                0x00401748                clear_display
 .text.draw_display_distance
                0x00401764       0x54 src/main.o
                0x00401764                draw_display_distance
 .text.draw_display_error
                0x004017b8       0x24 src/main.o
                0x004017b8                draw_display_error
 .text.draw_display_graphic
                0x004017dc       0x98 src/main.o
                0x004017dc                draw_display_graphic
 .text.io_init  0x00401874       0xd4 src/main.o
                0x00401874                io_init
 .text.main     0x00401948      0x134 src/main.o
                0x00401948                main
 .text          0x00401a7c      0x370 c:/program files (x86)/atmel/studio/7.0/toolchain/arm/arm-gnu-toolchain/bin/../lib/gcc/arm-none-eabi/6.3.1/thumb/v7e-m\libgcc.a(_arm_addsubdf3.o)
                0x00401a7c                __aeabi_drsub
                0x00401a84                __aeabi_dsub
                0x00401a84                __subdf3
                0x00401a88                __aeabi_dadd
                0x00401a88                __adddf3
                0x00401d00                __floatunsidf
                0x00401d00                __aeabi_ui2d
                0x00401d20                __floatsidf
                0x00401d20                __aeabi_i2d
                0x00401d44                __aeabi_f2d
                0x00401d44                __extendsfdf2
                0x00401d80                __floatundidf
                0x00401d80                __aeabi_ul2d
                0x00401d90                __floatdidf
                0x00401d90                __aeabi_l2d
 .text.__libc_init_array
                0x00401dec       0x50 c:/program files (x86)/atmel/studio/7.0/toolchain/arm/arm-gnu-toolchain/bin/../lib/gcc/arm-none-eabi/6.3.1/../../../../arm-none-eabi/lib/thumb/v7e-m\libc.a(lib_a-init.o)
                0x00401dec                __libc_init_array
 .text.memset   0x00401e3c       0x9c c:/program files (x86)/atmel/studio/7.0/toolchain/arm/arm-gnu-toolchain/bin/../lib/gcc/arm-none-eabi/6.3.1/../../../../arm-none-eabi/lib/thumb/v7e-m\libc.a(lib_a-memset.o)
                0x00401e3c                memset
 .text.sprintf  0x00401ed8       0x4c c:/program files (x86)/atmel/studio/7.0/toolchain/arm/arm-gnu-toolchain/bin/../lib/gcc/arm-none-eabi/6.3.1/../../../../arm-none-eabi/lib/thumb/v7e-m\libc.a(lib_a-sprintf.o)
                0x00401ed8                sprintf
 .text._svfprintf_r
                0x00401f24     0x145c c:/program files (x86)/atmel/studio/7.0/toolchain/arm/arm-gnu-toolchain/bin/../lib/gcc/arm-none-eabi/6.3.1/../../../../arm-none-eabi/lib/thumb/v7e-m\libc.a(lib_a-svfprintf.o)
                0x00401f24                _svfprintf_r
 .text.startup.register_fini
                0x00403380       0x14 c:/program files (x86)/atmel/studio/7.0/toolchain/arm/arm-gnu-toolchain/bin/../lib/gcc/arm-none-eabi/6.3.1/../../../../arm-none-eabi/lib/thumb/v7e-m\libc.a(lib_a-__call_atexit.o)
 .text.atexit   0x00403394        0xc c:/program files (x86)/atmel/studio/7.0/toolchain/arm/arm-gnu-toolchain/bin/../lib/gcc/arm-none-eabi/6.3.1/../../../../arm-none-eabi/lib/thumb/v7e-m\libc.a(lib_a-atexit.o)
                0x00403394                atexit
 .text.quorem   0x004033a0      0x128 c:/program files (x86)/atmel/studio/7.0/toolchain/arm/arm-gnu-toolchain/bin/../lib/gcc/arm-none-eabi/6.3.1/../../../../arm-none-eabi/lib/thumb/v7e-m\libc.a(lib_a-dtoa.o)
 .text._dtoa_r  0x004034c8      0xe54 c:/program files (x86)/atmel/studio/7.0/toolchain/arm/arm-gnu-toolchain/bin/../lib/gcc/arm-none-eabi/6.3.1/../../../../arm-none-eabi/lib/thumb/v7e-m\libc.a(lib_a-dtoa.o)
                0x004034c8                _dtoa_r
 .text.__libc_fini_array
                0x0040431c       0x34 c:/program files (x86)/atmel/studio/7.0/toolchain/arm/arm-gnu-toolchain/bin/../lib/gcc/arm-none-eabi/6.3.1/../../../../arm-none-eabi/lib/thumb/v7e-m\libc.a(lib_a-fini.o)
                0x0040431c                __libc_fini_array
 .text._localeconv_r
                0x00404350       0x1c c:/program files (x86)/atmel/studio/7.0/toolchain/arm/arm-gnu-toolchain/bin/../lib/gcc/arm-none-eabi/6.3.1/../../../../arm-none-eabi/lib/thumb/v7e-m\libc.a(lib_a-localeconv.o)
                0x00404350                _localeconv_r
 .text.__retarget_lock_acquire_recursive
                0x0040436c        0x4 c:/program files (x86)/atmel/studio/7.0/toolchain/arm/arm-gnu-toolchain/bin/../lib/gcc/arm-none-eabi/6.3.1/../../../../arm-none-eabi/lib/thumb/v7e-m\libc.a(lib_a-lock.o)
                0x0040436c                __retarget_lock_acquire_recursive
 .text.__retarget_lock_release_recursive
                0x00404370        0x4 c:/program files (x86)/atmel/studio/7.0/toolchain/arm/arm-gnu-toolchain/bin/../lib/gcc/arm-none-eabi/6.3.1/../../../../arm-none-eabi/lib/thumb/v7e-m\libc.a(lib_a-lock.o)
                0x00404370                __retarget_lock_release_recursive
 .text._malloc_r
                0x00404374      0x560 c:/program files (x86)/atmel/studio/7.0/toolchain/arm/arm-gnu-toolchain/bin/../lib/gcc/arm-none-eabi/6.3.1/../../../../arm-none-eabi/lib/thumb/v7e-m\libc.a(lib_a-mallocr.o)
                0x00404374                _malloc_r
 *fill*         0x004048d4        0xc 
 .text          0x004048e0       0xa0 c:/program files (x86)/atmel/studio/7.0/toolchain/arm/arm-gnu-toolchain/bin/../lib/gcc/arm-none-eabi/6.3.1/../../../../arm-none-eabi/lib/thumb/v7e-m\libc.a(lib_a-memchr.o)
                0x004048e0                memchr
 .text          0x00404980      0x134 c:/program files (x86)/atmel/studio/7.0/toolchain/arm/arm-gnu-toolchain/bin/../lib/gcc/arm-none-eabi/6.3.1/../../../../arm-none-eabi/lib/thumb/v7e-m\libc.a(lib_a-memcpy.o)
                0x00404980                memcpy
 .text.__malloc_lock
                0x00404ab4        0xc c:/program files (x86)/atmel/studio/7.0/toolchain/arm/arm-gnu-toolchain/bin/../lib/gcc/arm-none-eabi/6.3.1/../../../../arm-none-eabi/lib/thumb/v7e-m\libc.a(lib_a-mlock.o)
                0x00404ab4                __malloc_lock
 .text.__malloc_unlock
                0x00404ac0        0xc c:/program files (x86)/atmel/studio/7.0/toolchain/arm/arm-gnu-toolchain/bin/../lib/gcc/arm-none-eabi/6.3.1/../../../../arm-none-eabi/lib/thumb/v7e-m\libc.a(lib_a-mlock.o)
                0x00404ac0                __malloc_unlock
 .text._Balloc  0x00404acc       0x4c c:/program files (x86)/atmel/studio/7.0/toolchain/arm/arm-gnu-toolchain/bin/../lib/gcc/arm-none-eabi/6.3.1/../../../../arm-none-eabi/lib/thumb/v7e-m\libc.a(lib_a-mprec.o)
                0x00404acc                _Balloc
 .text._Bfree   0x00404b18       0x14 c:/program files (x86)/atmel/studio/7.0/toolchain/arm/arm-gnu-toolchain/bin/../lib/gcc/arm-none-eabi/6.3.1/../../../../arm-none-eabi/lib/thumb/v7e-m\libc.a(lib_a-mprec.o)
                0x00404b18                _Bfree
 .text.__multadd
                0x00404b2c       0x80 c:/program files (x86)/atmel/studio/7.0/toolchain/arm/arm-gnu-toolchain/bin/../lib/gcc/arm-none-eabi/6.3.1/../../../../arm-none-eabi/lib/thumb/v7e-m\libc.a(lib_a-mprec.o)
                0x00404b2c                __multadd
 .text.__hi0bits
                0x00404bac       0x40 c:/program files (x86)/atmel/studio/7.0/toolchain/arm/arm-gnu-toolchain/bin/../lib/gcc/arm-none-eabi/6.3.1/../../../../arm-none-eabi/lib/thumb/v7e-m\libc.a(lib_a-mprec.o)
                0x00404bac                __hi0bits
 .text.__lo0bits
                0x00404bec       0x60 c:/program files (x86)/atmel/studio/7.0/toolchain/arm/arm-gnu-toolchain/bin/../lib/gcc/arm-none-eabi/6.3.1/../../../../arm-none-eabi/lib/thumb/v7e-m\libc.a(lib_a-mprec.o)
                0x00404bec                __lo0bits
 .text.__i2b    0x00404c4c       0x14 c:/program files (x86)/atmel/studio/7.0/toolchain/arm/arm-gnu-toolchain/bin/../lib/gcc/arm-none-eabi/6.3.1/../../../../arm-none-eabi/lib/thumb/v7e-m\libc.a(lib_a-mprec.o)
                0x00404c4c                __i2b
 .text.__multiply
                0x00404c60      0x124 c:/program files (x86)/atmel/studio/7.0/toolchain/arm/arm-gnu-toolchain/bin/../lib/gcc/arm-none-eabi/6.3.1/../../../../arm-none-eabi/lib/thumb/v7e-m\libc.a(lib_a-mprec.o)
                0x00404c60                __multiply
 .text.__pow5mult
                0x00404d84       0xa0 c:/program files (x86)/atmel/studio/7.0/toolchain/arm/arm-gnu-toolchain/bin/../lib/gcc/arm-none-eabi/6.3.1/../../../../arm-none-eabi/lib/thumb/v7e-m\libc.a(lib_a-mprec.o)
                0x00404d84                __pow5mult
 .text.__lshift
                0x00404e24       0xa4 c:/program files (x86)/atmel/studio/7.0/toolchain/arm/arm-gnu-toolchain/bin/../lib/gcc/arm-none-eabi/6.3.1/../../../../arm-none-eabi/lib/thumb/v7e-m\libc.a(lib_a-mprec.o)
                0x00404e24                __lshift
 .text.__mcmp   0x00404ec8       0x38 c:/program files (x86)/atmel/studio/7.0/toolchain/arm/arm-gnu-toolchain/bin/../lib/gcc/arm-none-eabi/6.3.1/../../../../arm-none-eabi/lib/thumb/v7e-m\libc.a(lib_a-mprec.o)
                0x00404ec8                __mcmp
 .text.__mdiff  0x00404f00      0x108 c:/program files (x86)/atmel/studio/7.0/toolchain/arm/arm-gnu-toolchain/bin/../lib/gcc/arm-none-eabi/6.3.1/../../../../arm-none-eabi/lib/thumb/v7e-m\libc.a(lib_a-mprec.o)
                0x00404f00                __mdiff
 .text.__d2b    0x00405008       0xb8 c:/program files (x86)/atmel/studio/7.0/toolchain/arm/arm-gnu-toolchain/bin/../lib/gcc/arm-none-eabi/6.3.1/../../../../arm-none-eabi/lib/thumb/v7e-m\libc.a(lib_a-mprec.o)
                0x00405008                __d2b
 .text._sbrk_r  0x004050c0       0x24 c:/program files (x86)/atmel/studio/7.0/toolchain/arm/arm-gnu-toolchain/bin/../lib/gcc/arm-none-eabi/6.3.1/../../../../arm-none-eabi/lib/thumb/v7e-m\libc.a(lib_a-sbrkr.o)
                0x004050c0                _sbrk_r
 *fill*         0x004050e4       0x1c 
 .text          0x00405100       0xdc c:/program files (x86)/atmel/studio/7.0/toolchain/arm/arm-gnu-toolchain/bin/../lib/gcc/arm-none-eabi/6.3.1/../../../../arm-none-eabi/lib/thumb/v7e-m\libc.a(lib_a-strlen.o)
                0x00405100                strlen
 .text.__ssprint_r
                0x004051dc       0xfc c:/program files (x86)/atmel/studio/7.0/toolchain/arm/arm-gnu-toolchain/bin/../lib/gcc/arm-none-eabi/6.3.1/../../../../arm-none-eabi/lib/thumb/v7e-m\libc.a(lib_a-svfiprintf.o)
                0x004051dc                __ssprint_r
 .text.__register_exitproc
                0x004052d8       0xc4 c:/program files (x86)/atmel/studio/7.0/toolchain/arm/arm-gnu-toolchain/bin/../lib/gcc/arm-none-eabi/6.3.1/../../../../arm-none-eabi/lib/thumb/v7e-m\libc.a(lib_a-__atexit.o)
                0x004052d8                __register_exitproc
 .text._calloc_r
                0x0040539c       0x60 c:/program files (x86)/atmel/studio/7.0/toolchain/arm/arm-gnu-toolchain/bin/../lib/gcc/arm-none-eabi/6.3.1/../../../../arm-none-eabi/lib/thumb/v7e-m\libc.a(lib_a-callocr.o)
                0x0040539c                _calloc_r
 .text._malloc_trim_r
                0x004053fc       0xa0 c:/program files (x86)/atmel/studio/7.0/toolchain/arm/arm-gnu-toolchain/bin/../lib/gcc/arm-none-eabi/6.3.1/../../../../arm-none-eabi/lib/thumb/v7e-m\libc.a(lib_a-freer.o)
                0x004053fc                _malloc_trim_r
 .text._free_r  0x0040549c      0x1cc c:/program files (x86)/atmel/studio/7.0/toolchain/arm/arm-gnu-toolchain/bin/../lib/gcc/arm-none-eabi/6.3.1/../../../../arm-none-eabi/lib/thumb/v7e-m\libc.a(lib_a-freer.o)
                0x0040549c                _free_r
 .text.__ascii_mbtowc
                0x00405668       0x2c c:/program files (x86)/atmel/studio/7.0/toolchain/arm/arm-gnu-toolchain/bin/../lib/gcc/arm-none-eabi/6.3.1/../../../../arm-none-eabi/lib/thumb/v7e-m\libc.a(lib_a-mbtowc_r.o)
                0x00405668                __ascii_mbtowc
 .text.memmove  0x00405694       0xc8 c:/program files (x86)/atmel/studio/7.0/toolchain/arm/arm-gnu-toolchain/bin/../lib/gcc/arm-none-eabi/6.3.1/../../../../arm-none-eabi/lib/thumb/v7e-m\libc.a(lib_a-memmove.o)
                0x00405694                memmove
 .text._realloc_r
                0x0040575c      0x34c c:/program files (x86)/atmel/studio/7.0/toolchain/arm/arm-gnu-toolchain/bin/../lib/gcc/arm-none-eabi/6.3.1/../../../../arm-none-eabi/lib/thumb/v7e-m\libc.a(lib_a-reallocr.o)
                0x0040575c                _realloc_r
 .text.__ascii_wctomb
                0x00405aa8       0x1c c:/program files (x86)/atmel/studio/7.0/toolchain/arm/arm-gnu-toolchain/bin/../lib/gcc/arm-none-eabi/6.3.1/../../../../arm-none-eabi/lib/thumb/v7e-m\libc.a(lib_a-wctomb_r.o)
                0x00405aa8                __ascii_wctomb
 .text          0x00405ac4      0x424 c:/program files (x86)/atmel/studio/7.0/toolchain/arm/arm-gnu-toolchain/bin/../lib/gcc/arm-none-eabi/6.3.1/thumb/v7e-m\libgcc.a(_arm_muldivdf3.o)
                0x00405ac4                __aeabi_dmul
                0x00405ac4                __muldf3
                0x00405d18                __divdf3
                0x00405d18                __aeabi_ddiv
 .text          0x00405ee8      0x110 c:/program files (x86)/atmel/studio/7.0/toolchain/arm/arm-gnu-toolchain/bin/../lib/gcc/arm-none-eabi/6.3.1/thumb/v7e-m\libgcc.a(_arm_cmpdf2.o)
                0x00405ee8                __gtdf2
                0x00405ee8                __gedf2
                0x00405ef0                __ltdf2
                0x00405ef0                __ledf2
                0x00405ef8                __nedf2
                0x00405ef8                __eqdf2
                0x00405ef8                __cmpdf2
                0x00405f74                __aeabi_cdrcmple
                0x00405f84                __aeabi_cdcmpeq
                0x00405f84                __aeabi_cdcmple
                0x00405f94                __aeabi_dcmpeq
                0x00405fa8                __aeabi_dcmplt
                0x00405fbc                __aeabi_dcmple
                0x00405fd0                __aeabi_dcmpge
                0x00405fe4                __aeabi_dcmpgt
 .text          0x00405ff8       0x2c c:/program files (x86)/atmel/studio/7.0/toolchain/arm/arm-gnu-toolchain/bin/../lib/gcc/arm-none-eabi/6.3.1/thumb/v7e-m\libgcc.a(_arm_unorddf2.o)
                0x00405ff8                __unorddf2
                0x00405ff8                __aeabi_dcmpun
 .text          0x00406024       0x50 c:/program files (x86)/atmel/studio/7.0/toolchain/arm/arm-gnu-toolchain/bin/../lib/gcc/arm-none-eabi/6.3.1/thumb/v7e-m\libgcc.a(_arm_fixdfsi.o)
                0x00406024                __aeabi_d2iz
                0x00406024                __fixdfsi
 .text          0x00406074       0x30 c:/program files (x86)/atmel/studio/7.0/toolchain/arm/arm-gnu-toolchain/bin/../lib/gcc/arm-none-eabi/6.3.1/thumb/v7e-m\libgcc.a(_aeabi_uldivmod.o)
                0x00406074                __aeabi_uldivmod
 .text          0x004060a4      0x2dc c:/program files (x86)/atmel/studio/7.0/toolchain/arm/arm-gnu-toolchain/bin/../lib/gcc/arm-none-eabi/6.3.1/thumb/v7e-m\libgcc.a(_udivmoddi4.o)
                0x004060a4                __udivmoddi4
 .text          0x00406380        0x4 c:/program files (x86)/atmel/studio/7.0/toolchain/arm/arm-gnu-toolchain/bin/../lib/gcc/arm-none-eabi/6.3.1/thumb/v7e-m\libgcc.a(_dvmd_tls.o)
                0x00406380                __aeabi_idiv0
                0x00406380                __aeabi_ldiv0
 *(.glue_7t)
 .glue_7t       0x00406384        0x0 linker stubs
 *(.glue_7)
 .glue_7        0x00406384        0x0 linker stubs
 *(.rodata .rodata* .gnu.linkonce.r.*)
 .rodata.sysfont_glyphs
                0x00406384      0xa48 src/oled/sysfont.o
 .rodata.draw_display_distance.str1.4
                0x00406dcc        0xb src/main.o
 *fill*         0x00406dd7        0x1 
 .rodata.draw_display_error.str1.4
                0x00406dd8        0x6 src/main.o
 *fill*         0x00406dde        0x2 
 .rodata._global_impure_ptr
                0x00406de0        0x4 c:/program files (x86)/atmel/studio/7.0/toolchain/arm/arm-gnu-toolchain/bin/../lib/gcc/arm-none-eabi/6.3.1/../../../../arm-none-eabi/lib/thumb/v7e-m\libc.a(lib_a-impure.o)
                0x00406de0                _global_impure_ptr
 .rodata._svfprintf_r.str1.4
                0x00406de4       0x42 c:/program files (x86)/atmel/studio/7.0/toolchain/arm/arm-gnu-toolchain/bin/../lib/gcc/arm-none-eabi/6.3.1/../../../../arm-none-eabi/lib/thumb/v7e-m\libc.a(lib_a-svfprintf.o)
 *fill*         0x00406e26        0x2 
 .rodata.blanks.7223
                0x00406e28       0x10 c:/program files (x86)/atmel/studio/7.0/toolchain/arm/arm-gnu-toolchain/bin/../lib/gcc/arm-none-eabi/6.3.1/../../../../arm-none-eabi/lib/thumb/v7e-m\libc.a(lib_a-svfprintf.o)
 .rodata.zeroes.7224
                0x00406e38       0x10 c:/program files (x86)/atmel/studio/7.0/toolchain/arm/arm-gnu-toolchain/bin/../lib/gcc/arm-none-eabi/6.3.1/../../../../arm-none-eabi/lib/thumb/v7e-m\libc.a(lib_a-svfprintf.o)
 .rodata._dtoa_r.str1.4
                0x00406e48       0x10 c:/program files (x86)/atmel/studio/7.0/toolchain/arm/arm-gnu-toolchain/bin/../lib/gcc/arm-none-eabi/6.3.1/../../../../arm-none-eabi/lib/thumb/v7e-m\libc.a(lib_a-dtoa.o)
                                 0x12 (size before relaxing)
 .rodata.__mprec_bigtens
                0x00406e58       0x28 c:/program files (x86)/atmel/studio/7.0/toolchain/arm/arm-gnu-toolchain/bin/../lib/gcc/arm-none-eabi/6.3.1/../../../../arm-none-eabi/lib/thumb/v7e-m\libc.a(lib_a-mprec.o)
                0x00406e58                __mprec_bigtens
 .rodata.__mprec_tens
                0x00406e80       0xc8 c:/program files (x86)/atmel/studio/7.0/toolchain/arm/arm-gnu-toolchain/bin/../lib/gcc/arm-none-eabi/6.3.1/../../../../arm-none-eabi/lib/thumb/v7e-m\libc.a(lib_a-mprec.o)
                0x00406e80                __mprec_tens
 .rodata.p05.6055
                0x00406f48        0xc c:/program files (x86)/atmel/studio/7.0/toolchain/arm/arm-gnu-toolchain/bin/../lib/gcc/arm-none-eabi/6.3.1/../../../../arm-none-eabi/lib/thumb/v7e-m\libc.a(lib_a-mprec.o)
 .rodata._setlocale_r.str1.4
                0x00406f54        0xa c:/program files (x86)/atmel/studio/7.0/toolchain/arm/arm-gnu-toolchain/bin/../lib/gcc/arm-none-eabi/6.3.1/../../../../arm-none-eabi/lib/thumb/v7e-m\libc.a(lib_a-locale.o)
                                  0xd (size before relaxing)
 *fill*         0x00406f5e        0x2 
 .rodata.str1.4
                0x00406f60        0x4 c:/program files (x86)/atmel/studio/7.0/toolchain/arm/arm-gnu-toolchain/bin/../lib/gcc/arm-none-eabi/6.3.1/../../../../arm-none-eabi/lib/thumb/v7e-m\libc.a(lib_a-locale.o)
                                  0x2 (size before relaxing)
 .rodata._ctype_
                0x00406f64      0x101 c:/program files (x86)/atmel/studio/7.0/toolchain/arm/arm-gnu-toolchain/bin/../lib/gcc/arm-none-eabi/6.3.1/../../../../arm-none-eabi/lib/thumb/v7e-m\libc.a(lib_a-ctype_.o)
                0x00406f64                _ctype_
 *(.ARM.extab* .gnu.linkonce.armextab.*)
                0x00407068                . = ALIGN (0x4)
 *fill*         0x00407065        0x3 
 *(.init)
 .init          0x00407068        0x4 c:/program files (x86)/atmel/studio/7.0/toolchain/arm/arm-gnu-toolchain/bin/../lib/gcc/arm-none-eabi/6.3.1/thumb/v7e-m/crti.o
                0x00407068                _init
 .init          0x0040706c        0x8 c:/program files (x86)/atmel/studio/7.0/toolchain/arm/arm-gnu-toolchain/bin/../lib/gcc/arm-none-eabi/6.3.1/thumb/v7e-m/crtn.o
                0x00407074                . = ALIGN (0x4)
                0x00407074                __preinit_array_start = .
 *(.preinit_array)
                0x00407074                __preinit_array_end = .
                0x00407074                . = ALIGN (0x4)
                0x00407074                __init_array_start = .
 *(SORT(.init_array.*))
 .init_array.00000
                0x00407074        0x4 c:/program files (x86)/atmel/studio/7.0/toolchain/arm/arm-gnu-toolchain/bin/../lib/gcc/arm-none-eabi/6.3.1/../../../../arm-none-eabi/lib/thumb/v7e-m\libc.a(lib_a-__call_atexit.o)
 *(.init_array)
 .init_array    0x00407078        0x4 c:/program files (x86)/atmel/studio/7.0/toolchain/arm/arm-gnu-toolchain/bin/../lib/gcc/arm-none-eabi/6.3.1/thumb/v7e-m/crtbegin.o
                0x0040707c                __init_array_end = .
                0x0040707c                . = ALIGN (0x4)
 *crtbegin.o(.ctors)
 *(EXCLUDE_FILE(*crtend.o) .ctors)
 *(SORT(.ctors.*))
 *crtend.o(.ctors)
                0x0040707c                . = ALIGN (0x4)
 *(.fini)
 .fini          0x0040707c        0x4 c:/program files (x86)/atmel/studio/7.0/toolchain/arm/arm-gnu-toolchain/bin/../lib/gcc/arm-none-eabi/6.3.1/thumb/v7e-m/crti.o
                0x0040707c                _fini
 .fini          0x00407080        0x8 c:/program files (x86)/atmel/studio/7.0/toolchain/arm/arm-gnu-toolchain/bin/../lib/gcc/arm-none-eabi/6.3.1/thumb/v7e-m/crtn.o
                0x00407088                . = ALIGN (0x4)
                0x00407088                __fini_array_start = .
 *(.fini_array)
 .fini_array    0x00407088        0x4 c:/program files (x86)/atmel/studio/7.0/toolchain/arm/arm-gnu-toolchain/bin/../lib/gcc/arm-none-eabi/6.3.1/thumb/v7e-m/crtbegin.o
 *(SORT(.fini_array.*))
                0x0040708c                __fini_array_end = .
 *crtbegin.o(.dtors)
 *(EXCLUDE_FILE(*crtend.o) .dtors)
 *(SORT(.dtors.*))
 *crtend.o(.dtors)
                0x0040708c                . = ALIGN (0x4)
                0x0040708c                _efixed = .
                [!provide]                PROVIDE (__exidx_start, .)

.vfp11_veneer   0x0040708c        0x0
 .vfp11_veneer  0x0040708c        0x0 linker stubs

.v4_bx          0x0040708c        0x0
 .v4_bx         0x0040708c        0x0 linker stubs

.iplt           0x0040708c        0x0
 .iplt          0x0040708c        0x0 c:/program files (x86)/atmel/studio/7.0/toolchain/arm/arm-gnu-toolchain/bin/../lib/gcc/arm-none-eabi/6.3.1/thumb/v7e-m/crtbegin.o

.ARM.exidx      0x0040708c        0x8
 *(.ARM.exidx* .gnu.linkonce.armexidx.*)
 .ARM.exidx     0x0040708c        0x8 c:/program files (x86)/atmel/studio/7.0/toolchain/arm/arm-gnu-toolchain/bin/../lib/gcc/arm-none-eabi/6.3.1/thumb/v7e-m\libgcc.a(_udivmoddi4.o)
                [!provide]                PROVIDE (__exidx_end, .)

.eh_frame       0x00407094        0x0
 .eh_frame      0x00407094        0x0 c:/program files (x86)/atmel/studio/7.0/toolchain/arm/arm-gnu-toolchain/bin/../lib/gcc/arm-none-eabi/6.3.1/thumb/v7e-m/crtbegin.o

.rel.dyn        0x00407094        0x0
 .rel.iplt      0x00407094        0x0 c:/program files (x86)/atmel/studio/7.0/toolchain/arm/arm-gnu-toolchain/bin/../lib/gcc/arm-none-eabi/6.3.1/thumb/v7e-m/crtbegin.o

.jcr            0x00407094        0x0
 .jcr           0x00407094        0x0 c:/program files (x86)/atmel/studio/7.0/toolchain/arm/arm-gnu-toolchain/bin/../lib/gcc/arm-none-eabi/6.3.1/thumb/v7e-m/crtbegin.o

.igot.plt       0x00407094        0x0
 .igot.plt      0x00407094        0x0 c:/program files (x86)/atmel/studio/7.0/toolchain/arm/arm-gnu-toolchain/bin/../lib/gcc/arm-none-eabi/6.3.1/thumb/v7e-m/crtbegin.o
                0x00407094                . = ALIGN (0x4)
                0x00407094                _etext = .

.relocate       0x20400000      0x9d0 load address 0x00407094
                0x20400000                . = ALIGN (0x4)
                0x20400000                _srelocate = .
 *(.ramfunc .ramfunc.*)
 .ramfunc       0x20400000        0xa src/ASF/common/services/delay/sam/cycle_counter.o
                0x20400000                portable_delay_cycles
 *(.data .data.*)
 *fill*         0x2040000a        0x2 
 .data.sysfont  0x2040000c        0xc src/oled/sysfont.o
                0x2040000c                sysfont
 .data.g_interrupt_enabled
                0x20400018        0x1 src/ASF/common/utils/interrupt/interrupt_sam_nvic.o
                0x20400018                g_interrupt_enabled
 *fill*         0x20400019        0x3 
 .data.SystemCoreClock
                0x2040001c        0x4 src/ASF/sam/utils/cmsis/same70/source/templates/system_same70.o
                0x2040001c                SystemCoreClock
 .data.freqPrescale
                0x20400020        0x4 src/main.o
                0x20400020                freqPrescale
 .data._impure_ptr
                0x20400024        0x4 c:/program files (x86)/atmel/studio/7.0/toolchain/arm/arm-gnu-toolchain/bin/../lib/gcc/arm-none-eabi/6.3.1/../../../../arm-none-eabi/lib/thumb/v7e-m\libc.a(lib_a-impure.o)
                0x20400024                _impure_ptr
 .data.impure_data
                0x20400028      0x428 c:/program files (x86)/atmel/studio/7.0/toolchain/arm/arm-gnu-toolchain/bin/../lib/gcc/arm-none-eabi/6.3.1/../../../../arm-none-eabi/lib/thumb/v7e-m\libc.a(lib_a-impure.o)
 .data.__atexit_recursive_mutex
                0x20400450        0x4 c:/program files (x86)/atmel/studio/7.0/toolchain/arm/arm-gnu-toolchain/bin/../lib/gcc/arm-none-eabi/6.3.1/../../../../arm-none-eabi/lib/thumb/v7e-m\libc.a(lib_a-__call_atexit.o)
                0x20400450                __atexit_recursive_mutex
 .data.__malloc_av_
                0x20400454      0x408 c:/program files (x86)/atmel/studio/7.0/toolchain/arm/arm-gnu-toolchain/bin/../lib/gcc/arm-none-eabi/6.3.1/../../../../arm-none-eabi/lib/thumb/v7e-m\libc.a(lib_a-mallocr.o)
                0x20400454                __malloc_av_
 .data.__malloc_sbrk_base
                0x2040085c        0x4 c:/program files (x86)/atmel/studio/7.0/toolchain/arm/arm-gnu-toolchain/bin/../lib/gcc/arm-none-eabi/6.3.1/../../../../arm-none-eabi/lib/thumb/v7e-m\libc.a(lib_a-mallocr.o)
                0x2040085c                __malloc_sbrk_base
 .data.__malloc_trim_threshold
                0x20400860        0x4 c:/program files (x86)/atmel/studio/7.0/toolchain/arm/arm-gnu-toolchain/bin/../lib/gcc/arm-none-eabi/6.3.1/../../../../arm-none-eabi/lib/thumb/v7e-m\libc.a(lib_a-mallocr.o)
                0x20400860                __malloc_trim_threshold
 .data.__global_locale
                0x20400864      0x16c c:/program files (x86)/atmel/studio/7.0/toolchain/arm/arm-gnu-toolchain/bin/../lib/gcc/arm-none-eabi/6.3.1/../../../../arm-none-eabi/lib/thumb/v7e-m\libc.a(lib_a-locale.o)
                0x20400864                __global_locale
                0x204009d0                . = ALIGN (0x4)
                0x204009d0                _erelocate = .

.bss            0x204009d0      0x320 load address 0x00407a64
                0x204009d0                . = ALIGN (0x4)
                0x204009d0                _sbss = .
                0x204009d0                _szero = .
 *(.bss .bss.*)
 .bss           0x204009d0       0x1c c:/program files (x86)/atmel/studio/7.0/toolchain/arm/arm-gnu-toolchain/bin/../lib/gcc/arm-none-eabi/6.3.1/thumb/v7e-m/crtbegin.o
 .bss.g_wobits_in_rtt_mr
                0x204009ec        0x4 src/ASF/sam/drivers/rtt/rtt.o
 .bss.fbpointer
                0x204009f0        0x4 src/oled/gfx_mono_framebuffer.o
 .bss.framebuffer
                0x204009f4      0x200 src/oled/gfx_mono_ug_2832hsweg04.o
 .bss.gs_interrupt_sources
                0x20400bf4       0x70 src/ASF/sam/drivers/pio/pio_handler.o
 .bss.gs_ul_nb_sources
                0x20400c64        0x4 src/ASF/sam/drivers/pio/pio_handler.o
 .bss.b_is_sleep_clock_used
                0x20400c68        0x1 src/ASF/sam/drivers/pmc/sleep.o
 *fill*         0x20400c69        0x3 
 .bss.callback_clocks_restored
                0x20400c6c        0x4 src/ASF/sam/drivers/pmc/sleep.o
 .bss.heap.6420
                0x20400c70        0x4 src/ASF/sam/utils/syscalls/gcc/syscalls.o
 .bss.memory    0x20400c74       0x18 src/main.o
                0x20400c74                memory
 .bss.timer_count
                0x20400c8c        0x4 src/main.o
                0x20400c8c                timer_count
 .bss.__malloc_current_mallinfo
                0x20400c90       0x28 c:/program files (x86)/atmel/studio/7.0/toolchain/arm/arm-gnu-toolchain/bin/../lib/gcc/arm-none-eabi/6.3.1/../../../../arm-none-eabi/lib/thumb/v7e-m\libc.a(lib_a-mallocr.o)
                0x20400c90                __malloc_current_mallinfo
 .bss.__malloc_max_sbrked_mem
                0x20400cb8        0x4 c:/program files (x86)/atmel/studio/7.0/toolchain/arm/arm-gnu-toolchain/bin/../lib/gcc/arm-none-eabi/6.3.1/../../../../arm-none-eabi/lib/thumb/v7e-m\libc.a(lib_a-mallocr.o)
                0x20400cb8                __malloc_max_sbrked_mem
 .bss.__malloc_max_total_mem
                0x20400cbc        0x4 c:/program files (x86)/atmel/studio/7.0/toolchain/arm/arm-gnu-toolchain/bin/../lib/gcc/arm-none-eabi/6.3.1/../../../../arm-none-eabi/lib/thumb/v7e-m\libc.a(lib_a-mallocr.o)
                0x20400cbc                __malloc_max_total_mem
 .bss.__malloc_top_pad
                0x20400cc0        0x4 c:/program files (x86)/atmel/studio/7.0/toolchain/arm/arm-gnu-toolchain/bin/../lib/gcc/arm-none-eabi/6.3.1/../../../../arm-none-eabi/lib/thumb/v7e-m\libc.a(lib_a-mallocr.o)
                0x20400cc0                __malloc_top_pad
 *(COMMON)
 COMMON         0x20400cc4        0x4 src/main.o
                0x20400cc4                echo_flag
                0x20400cc5                timeout_flag
                0x20400cc6                but_flag
                0x20400cc7                display_flag
 COMMON         0x20400cc8       0x21 c:/program files (x86)/atmel/studio/7.0/toolchain/arm/arm-gnu-toolchain/bin/../lib/gcc/arm-none-eabi/6.3.1/../../../../arm-none-eabi/lib/thumb/v7e-m\libc.a(lib_a-lock.o)
                0x20400cc8                __lock___atexit_recursive_mutex
                0x20400ccc                __lock___arc4random_mutex
                0x20400cd0                __lock___env_recursive_mutex
                0x20400cd4                __lock___sinit_recursive_mutex
                0x20400cd8                __lock___malloc_recursive_mutex
                0x20400cdc                __lock___at_quick_exit_mutex
                0x20400ce0                __lock___dd_hash_mutex
                0x20400ce4                __lock___tz_mutex
                0x20400ce8                __lock___sfp_recursive_mutex
 *fill*         0x20400ce9        0x3 
 COMMON         0x20400cec        0x4 c:/program files (x86)/atmel/studio/7.0/toolchain/arm/arm-gnu-toolchain/bin/../lib/gcc/arm-none-eabi/6.3.1/../../../../arm-none-eabi/lib/thumb/v7e-m\libc.a(lib_a-reent.o)
                0x20400cec                errno
                0x20400cf0                . = ALIGN (0x4)
                0x20400cf0                _ebss = .
                0x20400cf0                _ezero = .

.stack          0x20400cf0     0x2000 load address 0x00407d84
                0x20400cf0                . = ALIGN (0x8)
                0x20400cf0                _sstack = .
                0x20402cf0                . = (. + STACK_SIZE)
 *fill*         0x20400cf0     0x2000 
                0x20402cf0                . = ALIGN (0x8)
                0x20402cf0                _estack = .

.heap           0x20402cf0      0x200 load address 0x00409d84
                0x20402cf0                . = ALIGN (0x8)
                0x20402cf0                _sheap = .
                0x20402ef0                . = (. + HEAP_SIZE)
 *fill*         0x20402cf0      0x200 
                0x20402ef0                . = ALIGN (0x8)
                0x20402ef0                _eheap = .
                0x20402ef0                . = ALIGN (0x4)
                0x20402ef0                _end = .
                0x2045ffff                _ram_end_ = ((ORIGIN (ram) + LENGTH (ram)) - 0x1)
OUTPUT(OLED1.elf elf32-littlearm)

.ARM.attributes
                0x00000000       0x2e
 .ARM.attributes
                0x00000000       0x1e c:/program files (x86)/atmel/studio/7.0/toolchain/arm/arm-gnu-toolchain/bin/../lib/gcc/arm-none-eabi/6.3.1/thumb/v7e-m/crti.o
 .ARM.attributes
                0x0000001e       0x2e c:/program files (x86)/atmel/studio/7.0/toolchain/arm/arm-gnu-toolchain/bin/../lib/gcc/arm-none-eabi/6.3.1/thumb/v7e-m/crtbegin.o
 .ARM.attributes
                0x0000004c       0x37 src/ASF/sam/drivers/rtt/rtt.o
 .ARM.attributes
                0x00000083       0x37 src/ASF/sam/drivers/spi/spi.o
 .ARM.attributes
                0x000000ba       0x37 src/ASF/sam/drivers/tc/tc.o
 .ARM.attributes
                0x000000f1       0x37 src/oled/gfx_mono_framebuffer.o
 .ARM.attributes
                0x00000128       0x37 src/oled/gfx_mono_generic.o
 .ARM.attributes
                0x0000015f       0x37 src/oled/gfx_mono_text.o
 .ARM.attributes
                0x00000196       0x37 src/oled/gfx_mono_ug_2832hsweg04.o
 .ARM.attributes
                0x000001cd       0x37 src/oled/ssd1306.o
 .ARM.attributes
                0x00000204       0x37 src/oled/sysfont.o
 .ARM.attributes
                0x0000023b       0x37 src/ASF/common/services/delay/sam/cycle_counter.o
 .ARM.attributes
                0x00000272       0x37 src/ASF/common/services/clock/same70/sysclk.o
 .ARM.attributes
                0x000002a9       0x37 src/ASF/common/utils/interrupt/interrupt_sam_nvic.o
 .ARM.attributes
                0x000002e0       0x37 src/ASF/sam/boards/same70_xplained/init.o
 .ARM.attributes
                0x00000317       0x37 src/ASF/sam/drivers/pio/pio.o
 .ARM.attributes
                0x0000034e       0x37 src/ASF/sam/drivers/pio/pio_handler.o
 .ARM.attributes
                0x00000385       0x37 src/ASF/sam/drivers/pmc/pmc.o
 .ARM.attributes
                0x000003bc       0x37 src/ASF/sam/drivers/pmc/sleep.o
 .ARM.attributes
                0x000003f3       0x37 src/ASF/sam/utils/cmsis/same70/source/templates/gcc/startup_same70.o
 .ARM.attributes
                0x0000042a       0x37 src/ASF/sam/utils/cmsis/same70/source/templates/system_same70.o
 .ARM.attributes
                0x00000461       0x37 src/ASF/sam/utils/syscalls/gcc/syscalls.o
 .ARM.attributes
                0x00000498       0x37 src/main.o
 .ARM.attributes
                0x000004cf       0x1e c:/program files (x86)/atmel/studio/7.0/toolchain/arm/arm-gnu-toolchain/bin/../lib/gcc/arm-none-eabi/6.3.1/thumb/v7e-m\libgcc.a(_arm_addsubdf3.o)
 .ARM.attributes
                0x000004ed       0x2e c:/program files (x86)/atmel/studio/7.0/toolchain/arm/arm-gnu-toolchain/bin/../lib/gcc/arm-none-eabi/6.3.1/../../../../arm-none-eabi/lib/thumb/v7e-m\libc.a(lib_a-impure.o)
 .ARM.attributes
                0x0000051b       0x2e c:/program files (x86)/atmel/studio/7.0/toolchain/arm/arm-gnu-toolchain/bin/../lib/gcc/arm-none-eabi/6.3.1/../../../../arm-none-eabi/lib/thumb/v7e-m\libc.a(lib_a-init.o)
 .ARM.attributes
                0x00000549       0x2e c:/program files (x86)/atmel/studio/7.0/toolchain/arm/arm-gnu-toolchain/bin/../lib/gcc/arm-none-eabi/6.3.1/../../../../arm-none-eabi/lib/thumb/v7e-m\libc.a(lib_a-memset.o)
 .ARM.attributes
                0x00000577       0x2e c:/program files (x86)/atmel/studio/7.0/toolchain/arm/arm-gnu-toolchain/bin/../lib/gcc/arm-none-eabi/6.3.1/../../../../arm-none-eabi/lib/thumb/v7e-m\libc.a(lib_a-sprintf.o)
 .ARM.attributes
                0x000005a5       0x2e c:/program files (x86)/atmel/studio/7.0/toolchain/arm/arm-gnu-toolchain/bin/../lib/gcc/arm-none-eabi/6.3.1/../../../../arm-none-eabi/lib/thumb/v7e-m\libc.a(lib_a-svfprintf.o)
 .ARM.attributes
                0x000005d3       0x2e c:/program files (x86)/atmel/studio/7.0/toolchain/arm/arm-gnu-toolchain/bin/../lib/gcc/arm-none-eabi/6.3.1/../../../../arm-none-eabi/lib/thumb/v7e-m\libc.a(lib_a-__call_atexit.o)
 .ARM.attributes
                0x00000601       0x2e c:/program files (x86)/atmel/studio/7.0/toolchain/arm/arm-gnu-toolchain/bin/../lib/gcc/arm-none-eabi/6.3.1/../../../../arm-none-eabi/lib/thumb/v7e-m\libc.a(lib_a-atexit.o)
 .ARM.attributes
                0x0000062f       0x2e c:/program files (x86)/atmel/studio/7.0/toolchain/arm/arm-gnu-toolchain/bin/../lib/gcc/arm-none-eabi/6.3.1/../../../../arm-none-eabi/lib/thumb/v7e-m\libc.a(lib_a-dtoa.o)
 .ARM.attributes
                0x0000065d       0x2e c:/program files (x86)/atmel/studio/7.0/toolchain/arm/arm-gnu-toolchain/bin/../lib/gcc/arm-none-eabi/6.3.1/../../../../arm-none-eabi/lib/thumb/v7e-m\libc.a(lib_a-fini.o)
 .ARM.attributes
                0x0000068b       0x2e c:/program files (x86)/atmel/studio/7.0/toolchain/arm/arm-gnu-toolchain/bin/../lib/gcc/arm-none-eabi/6.3.1/../../../../arm-none-eabi/lib/thumb/v7e-m\libc.a(lib_a-localeconv.o)
 .ARM.attributes
                0x000006b9       0x2e c:/program files (x86)/atmel/studio/7.0/toolchain/arm/arm-gnu-toolchain/bin/../lib/gcc/arm-none-eabi/6.3.1/../../../../arm-none-eabi/lib/thumb/v7e-m\libc.a(lib_a-lock.o)
 .ARM.attributes
                0x000006e7       0x2e c:/program files (x86)/atmel/studio/7.0/toolchain/arm/arm-gnu-toolchain/bin/../lib/gcc/arm-none-eabi/6.3.1/../../../../arm-none-eabi/lib/thumb/v7e-m\libc.a(lib_a-mallocr.o)
 .ARM.attributes
                0x00000715       0x1c c:/program files (x86)/atmel/studio/7.0/toolchain/arm/arm-gnu-toolchain/bin/../lib/gcc/arm-none-eabi/6.3.1/../../../../arm-none-eabi/lib/thumb/v7e-m\libc.a(lib_a-memchr.o)
 .ARM.attributes
                0x00000731       0x1c c:/program files (x86)/atmel/studio/7.0/toolchain/arm/arm-gnu-toolchain/bin/../lib/gcc/arm-none-eabi/6.3.1/../../../../arm-none-eabi/lib/thumb/v7e-m\libc.a(lib_a-memcpy.o)
 .ARM.attributes
                0x0000074d       0x2e c:/program files (x86)/atmel/studio/7.0/toolchain/arm/arm-gnu-toolchain/bin/../lib/gcc/arm-none-eabi/6.3.1/../../../../arm-none-eabi/lib/thumb/v7e-m\libc.a(lib_a-mlock.o)
 .ARM.attributes
                0x0000077b       0x2e c:/program files (x86)/atmel/studio/7.0/toolchain/arm/arm-gnu-toolchain/bin/../lib/gcc/arm-none-eabi/6.3.1/../../../../arm-none-eabi/lib/thumb/v7e-m\libc.a(lib_a-mprec.o)
 .ARM.attributes
                0x000007a9       0x2e c:/program files (x86)/atmel/studio/7.0/toolchain/arm/arm-gnu-toolchain/bin/../lib/gcc/arm-none-eabi/6.3.1/../../../../arm-none-eabi/lib/thumb/v7e-m\libc.a(lib_a-sbrkr.o)
 .ARM.attributes
                0x000007d7       0x1c c:/program files (x86)/atmel/studio/7.0/toolchain/arm/arm-gnu-toolchain/bin/../lib/gcc/arm-none-eabi/6.3.1/../../../../arm-none-eabi/lib/thumb/v7e-m\libc.a(lib_a-strlen.o)
 .ARM.attributes
                0x000007f3       0x2e c:/program files (x86)/atmel/studio/7.0/toolchain/arm/arm-gnu-toolchain/bin/../lib/gcc/arm-none-eabi/6.3.1/../../../../arm-none-eabi/lib/thumb/v7e-m\libc.a(lib_a-svfiprintf.o)
 .ARM.attributes
                0x00000821       0x2e c:/program files (x86)/atmel/studio/7.0/toolchain/arm/arm-gnu-toolchain/bin/../lib/gcc/arm-none-eabi/6.3.1/../../../../arm-none-eabi/lib/thumb/v7e-m\libc.a(lib_a-__atexit.o)
 .ARM.attributes
                0x0000084f       0x2e c:/program files (x86)/atmel/studio/7.0/toolchain/arm/arm-gnu-toolchain/bin/../lib/gcc/arm-none-eabi/6.3.1/../../../../arm-none-eabi/lib/thumb/v7e-m\libc.a(lib_a-callocr.o)
 .ARM.attributes
                0x0000087d       0x2e c:/program files (x86)/atmel/studio/7.0/toolchain/arm/arm-gnu-toolchain/bin/../lib/gcc/arm-none-eabi/6.3.1/../../../../arm-none-eabi/lib/thumb/v7e-m\libc.a(lib_a-freer.o)
 .ARM.attributes
                0x000008ab       0x2e c:/program files (x86)/atmel/studio/7.0/toolchain/arm/arm-gnu-toolchain/bin/../lib/gcc/arm-none-eabi/6.3.1/../../../../arm-none-eabi/lib/thumb/v7e-m\libc.a(lib_a-locale.o)
 .ARM.attributes
                0x000008d9       0x2e c:/program files (x86)/atmel/studio/7.0/toolchain/arm/arm-gnu-toolchain/bin/../lib/gcc/arm-none-eabi/6.3.1/../../../../arm-none-eabi/lib/thumb/v7e-m\libc.a(lib_a-mbtowc_r.o)
 .ARM.attributes
                0x00000907       0x2e c:/program files (x86)/atmel/studio/7.0/toolchain/arm/arm-gnu-toolchain/bin/../lib/gcc/arm-none-eabi/6.3.1/../../../../arm-none-eabi/lib/thumb/v7e-m\libc.a(lib_a-memmove.o)
 .ARM.attributes
                0x00000935       0x2e c:/program files (x86)/atmel/studio/7.0/toolchain/arm/arm-gnu-toolchain/bin/../lib/gcc/arm-none-eabi/6.3.1/../../../../arm-none-eabi/lib/thumb/v7e-m\libc.a(lib_a-reallocr.o)
 .ARM.attributes
                0x00000963       0x2e c:/program files (x86)/atmel/studio/7.0/toolchain/arm/arm-gnu-toolchain/bin/../lib/gcc/arm-none-eabi/6.3.1/../../../../arm-none-eabi/lib/thumb/v7e-m\libc.a(lib_a-reent.o)
 .ARM.attributes
                0x00000991       0x2e c:/program files (x86)/atmel/studio/7.0/toolchain/arm/arm-gnu-toolchain/bin/../lib/gcc/arm-none-eabi/6.3.1/../../../../arm-none-eabi/lib/thumb/v7e-m\libc.a(lib_a-wctomb_r.o)
 .ARM.attributes
                0x000009bf       0x2e c:/program files (x86)/atmel/studio/7.0/toolchain/arm/arm-gnu-toolchain/bin/../lib/gcc/arm-none-eabi/6.3.1/../../../../arm-none-eabi/lib/thumb/v7e-m\libc.a(lib_a-ctype_.o)
 .ARM.attributes
                0x000009ed       0x1e c:/program files (x86)/atmel/studio/7.0/toolchain/arm/arm-gnu-toolchain/bin/../lib/gcc/arm-none-eabi/6.3.1/thumb/v7e-m\libgcc.a(_arm_muldivdf3.o)
 .ARM.attributes
                0x00000a0b       0x1e c:/program files (x86)/atmel/studio/7.0/toolchain/arm/arm-gnu-toolchain/bin/../lib/gcc/arm-none-eabi/6.3.1/thumb/v7e-m\libgcc.a(_arm_cmpdf2.o)
 .ARM.attributes
                0x00000a29       0x1e c:/program files (x86)/atmel/studio/7.0/toolchain/arm/arm-gnu-toolchain/bin/../lib/gcc/arm-none-eabi/6.3.1/thumb/v7e-m\libgcc.a(_arm_unorddf2.o)
 .ARM.attributes
                0x00000a47       0x1e c:/program files (x86)/atmel/studio/7.0/toolchain/arm/arm-gnu-toolchain/bin/../lib/gcc/arm-none-eabi/6.3.1/thumb/v7e-m\libgcc.a(_arm_fixdfsi.o)
 .ARM.attributes
                0x00000a65       0x1e c:/program files (x86)/atmel/studio/7.0/toolchain/arm/arm-gnu-toolchain/bin/../lib/gcc/arm-none-eabi/6.3.1/thumb/v7e-m\libgcc.a(_aeabi_uldivmod.o)
 .ARM.attributes
                0x00000a83       0x2e c:/program files (x86)/atmel/studio/7.0/toolchain/arm/arm-gnu-toolchain/bin/../lib/gcc/arm-none-eabi/6.3.1/thumb/v7e-m\libgcc.a(_udivmoddi4.o)
 .ARM.attributes
                0x00000ab1       0x1e c:/program files (x86)/atmel/studio/7.0/toolchain/arm/arm-gnu-toolchain/bin/../lib/gcc/arm-none-eabi/6.3.1/thumb/v7e-m\libgcc.a(_dvmd_tls.o)
 .ARM.attributes
                0x00000acf       0x1e c:/program files (x86)/atmel/studio/7.0/toolchain/arm/arm-gnu-toolchain/bin/../lib/gcc/arm-none-eabi/6.3.1/thumb/v7e-m/crtn.o

.comment        0x00000000       0x59
 .comment       0x00000000       0x59 src/ASF/sam/drivers/rtt/rtt.o
                                 0x5a (size before relaxing)
 .comment       0x00000059       0x5a src/ASF/sam/drivers/spi/spi.o
 .comment       0x00000059       0x5a src/ASF/sam/drivers/tc/tc.o
 .comment       0x00000059       0x5a src/oled/gfx_mono_framebuffer.o
 .comment       0x00000059       0x5a src/oled/gfx_mono_generic.o
 .comment       0x00000059       0x5a src/oled/gfx_mono_text.o
 .comment       0x00000059       0x5a src/oled/gfx_mono_ug_2832hsweg04.o
 .comment       0x00000059       0x5a src/oled/ssd1306.o
 .comment       0x00000059       0x5a src/oled/sysfont.o
 .comment       0x00000059       0x5a src/ASF/common/services/delay/sam/cycle_counter.o
 .comment       0x00000059       0x5a src/ASF/common/services/clock/same70/sysclk.o
 .comment       0x00000059       0x5a src/ASF/common/utils/interrupt/interrupt_sam_nvic.o
 .comment       0x00000059       0x5a src/ASF/sam/boards/same70_xplained/init.o
 .comment       0x00000059       0x5a src/ASF/sam/drivers/pio/pio.o
 .comment       0x00000059       0x5a src/ASF/sam/drivers/pio/pio_handler.o
 .comment       0x00000059       0x5a src/ASF/sam/drivers/pmc/pmc.o
 .comment       0x00000059       0x5a src/ASF/sam/drivers/pmc/sleep.o
 .comment       0x00000059       0x5a src/ASF/sam/utils/cmsis/same70/source/templates/gcc/startup_same70.o
 .comment       0x00000059       0x5a src/ASF/sam/utils/cmsis/same70/source/templates/system_same70.o
 .comment       0x00000059       0x5a src/ASF/sam/utils/syscalls/gcc/syscalls.o
 .comment       0x00000059       0x5a src/main.o

.debug_info     0x00000000    0x1a1f5
 .debug_info    0x00000000      0xcd1 src/ASF/sam/drivers/rtt/rtt.o
 .debug_info    0x00000cd1     0x115d src/ASF/sam/drivers/spi/spi.o
 .debug_info    0x00001e2e     0x1233 src/ASF/sam/drivers/tc/tc.o
 .debug_info    0x00003061      0xdd2 src/oled/gfx_mono_framebuffer.o
 .debug_info    0x00003e33     0x157d src/oled/gfx_mono_generic.o
 .debug_info    0x000053b0      0xf6a src/oled/gfx_mono_text.o
 .debug_info    0x0000631a     0x11a0 src/oled/gfx_mono_ug_2832hsweg04.o
 .debug_info    0x000074ba     0x1fae src/oled/ssd1306.o
 .debug_info    0x00009468      0xb06 src/oled/sysfont.o
 .debug_info    0x00009f6e      0xa45 src/ASF/common/services/delay/sam/cycle_counter.o
 .debug_info    0x0000a9b3     0x1267 src/ASF/common/services/clock/same70/sysclk.o
 .debug_info    0x0000bc1a      0xb01 src/ASF/common/utils/interrupt/interrupt_sam_nvic.o
 .debug_info    0x0000c71b     0x1bd7 src/ASF/sam/boards/same70_xplained/init.o
 .debug_info    0x0000e2f2     0x2150 src/ASF/sam/drivers/pio/pio.o
 .debug_info    0x00010442     0x1b22 src/ASF/sam/drivers/pio/pio_handler.o
 .debug_info    0x00011f64     0x1e0e src/ASF/sam/drivers/pmc/pmc.o
 .debug_info    0x00013d72     0x165a src/ASF/sam/drivers/pmc/sleep.o
 .debug_info    0x000153cc     0x156a src/ASF/sam/utils/cmsis/same70/source/templates/gcc/startup_same70.o
 .debug_info    0x00016936      0x55b src/ASF/sam/utils/cmsis/same70/source/templates/system_same70.o
 .debug_info    0x00016e91      0xdb0 src/ASF/sam/utils/syscalls/gcc/syscalls.o
 .debug_info    0x00017c41     0x25b4 src/main.o

.debug_abbrev   0x00000000     0x3bb6
 .debug_abbrev  0x00000000      0x256 src/ASF/sam/drivers/rtt/rtt.o
 .debug_abbrev  0x00000256      0x3a5 src/ASF/sam/drivers/spi/spi.o
 .debug_abbrev  0x000005fb      0x293 src/ASF/sam/drivers/tc/tc.o
 .debug_abbrev  0x0000088e      0x284 src/oled/gfx_mono_framebuffer.o
 .debug_abbrev  0x00000b12      0x2a2 src/oled/gfx_mono_generic.o
 .debug_abbrev  0x00000db4      0x30a src/oled/gfx_mono_text.o
 .debug_abbrev  0x000010be      0x34b src/oled/gfx_mono_ug_2832hsweg04.o
 .debug_abbrev  0x00001409      0x35e src/oled/ssd1306.o
 .debug_abbrev  0x00001767      0x1b6 src/oled/sysfont.o
 .debug_abbrev  0x0000191d      0x1b3 src/ASF/common/services/delay/sam/cycle_counter.o
 .debug_abbrev  0x00001ad0      0x31f src/ASF/common/services/clock/same70/sysclk.o
 .debug_abbrev  0x00001def      0x212 src/ASF/common/utils/interrupt/interrupt_sam_nvic.o
 .debug_abbrev  0x00002001      0x368 src/ASF/sam/boards/same70_xplained/init.o
 .debug_abbrev  0x00002369      0x410 src/ASF/sam/drivers/pio/pio.o
 .debug_abbrev  0x00002779      0x32f src/ASF/sam/drivers/pio/pio_handler.o
 .debug_abbrev  0x00002aa8      0x369 src/ASF/sam/drivers/pmc/pmc.o
 .debug_abbrev  0x00002e11      0x32b src/ASF/sam/drivers/pmc/sleep.o
 .debug_abbrev  0x0000313c      0x2e4 src/ASF/sam/utils/cmsis/same70/source/templates/gcc/startup_same70.o
 .debug_abbrev  0x00003420      0x102 src/ASF/sam/utils/cmsis/same70/source/templates/system_same70.o
 .debug_abbrev  0x00003522      0x264 src/ASF/sam/utils/syscalls/gcc/syscalls.o
 .debug_abbrev  0x00003786      0x430 src/main.o

.debug_loc      0x00000000     0x6023
 .debug_loc     0x00000000      0x1c7 src/ASF/sam/drivers/rtt/rtt.o
 .debug_loc     0x000001c7      0x610 src/ASF/sam/drivers/spi/spi.o
 .debug_loc     0x000007d7      0x5a4 src/ASF/sam/drivers/tc/tc.o
 .debug_loc     0x00000d7b      0x506 src/oled/gfx_mono_framebuffer.o
 .debug_loc     0x00001281      0xda8 src/oled/gfx_mono_generic.o
 .debug_loc     0x00002029      0x66a src/oled/gfx_mono_text.o
 .debug_loc     0x00002693      0x6ee src/oled/gfx_mono_ug_2832hsweg04.o
 .debug_loc     0x00002d81      0x365 src/oled/ssd1306.o
 .debug_loc     0x000030e6      0x183 src/ASF/common/services/clock/same70/sysclk.o
 .debug_loc     0x00003269      0x1e7 src/ASF/sam/boards/same70_xplained/init.o
 .debug_loc     0x00003450      0xea4 src/ASF/sam/drivers/pio/pio.o
 .debug_loc     0x000042f4      0x588 src/ASF/sam/drivers/pio/pio_handler.o
 .debug_loc     0x0000487c      0xce3 src/ASF/sam/drivers/pmc/pmc.o
 .debug_loc     0x0000555f      0x389 src/ASF/sam/drivers/pmc/sleep.o
 .debug_loc     0x000058e8       0x77 src/ASF/sam/utils/cmsis/same70/source/templates/gcc/startup_same70.o
 .debug_loc     0x0000595f       0xfd src/ASF/sam/utils/syscalls/gcc/syscalls.o
 .debug_loc     0x00005a5c      0x5c7 src/main.o

.debug_aranges  0x00000000      0x9c0
 .debug_aranges
                0x00000000       0x60 src/ASF/sam/drivers/rtt/rtt.o
 .debug_aranges
                0x00000060       0x90 src/ASF/sam/drivers/spi/spi.o
 .debug_aranges
                0x000000f0       0xd0 src/ASF/sam/drivers/tc/tc.o
 .debug_aranges
                0x000001c0       0x58 src/oled/gfx_mono_framebuffer.o
 .debug_aranges
                0x00000218       0x58 src/oled/gfx_mono_generic.o
 .debug_aranges
                0x00000270       0x40 src/oled/gfx_mono_text.o
 .debug_aranges
                0x000002b0       0x60 src/oled/gfx_mono_ug_2832hsweg04.o
 .debug_aranges
                0x00000310       0x30 src/oled/ssd1306.o
 .debug_aranges
                0x00000340       0x18 src/oled/sysfont.o
 .debug_aranges
                0x00000358       0x20 src/ASF/common/services/delay/sam/cycle_counter.o
 .debug_aranges
                0x00000378       0x40 src/ASF/common/services/clock/same70/sysclk.o
 .debug_aranges
                0x000003b8       0x28 src/ASF/common/utils/interrupt/interrupt_sam_nvic.o
 .debug_aranges
                0x000003e0       0x20 src/ASF/sam/boards/same70_xplained/init.o
 .debug_aranges
                0x00000400      0x1a8 src/ASF/sam/drivers/pio/pio.o
 .debug_aranges
                0x000005a8       0x60 src/ASF/sam/drivers/pio/pio_handler.o
 .debug_aranges
                0x00000608      0x250 src/ASF/sam/drivers/pmc/pmc.o
 .debug_aranges
                0x00000858       0x30 src/ASF/sam/drivers/pmc/sleep.o
 .debug_aranges
                0x00000888       0x28 src/ASF/sam/utils/cmsis/same70/source/templates/gcc/startup_same70.o
 .debug_aranges
                0x000008b0       0x30 src/ASF/sam/utils/cmsis/same70/source/templates/system_same70.o
 .debug_aranges
                0x000008e0       0x60 src/ASF/sam/utils/syscalls/gcc/syscalls.o
 .debug_aranges
                0x00000940       0x80 src/main.o

.debug_ranges   0x00000000      0xa68
 .debug_ranges  0x00000000       0x50 src/ASF/sam/drivers/rtt/rtt.o
 .debug_ranges  0x00000050       0x80 src/ASF/sam/drivers/spi/spi.o
 .debug_ranges  0x000000d0       0xc0 src/ASF/sam/drivers/tc/tc.o
 .debug_ranges  0x00000190       0x48 src/oled/gfx_mono_framebuffer.o
 .debug_ranges  0x000001d8       0x48 src/oled/gfx_mono_generic.o
 .debug_ranges  0x00000220       0x48 src/oled/gfx_mono_text.o
 .debug_ranges  0x00000268       0x80 src/oled/gfx_mono_ug_2832hsweg04.o
 .debug_ranges  0x000002e8       0x20 src/oled/ssd1306.o
 .debug_ranges  0x00000308       0x10 src/ASF/common/services/delay/sam/cycle_counter.o
 .debug_ranges  0x00000318       0x30 src/ASF/common/services/clock/same70/sysclk.o
 .debug_ranges  0x00000348       0x18 src/ASF/common/utils/interrupt/interrupt_sam_nvic.o
 .debug_ranges  0x00000360       0x10 src/ASF/sam/boards/same70_xplained/init.o
 .debug_ranges  0x00000370      0x2a0 src/ASF/sam/drivers/pio/pio.o
 .debug_ranges  0x00000610       0x68 src/ASF/sam/drivers/pio/pio_handler.o
 .debug_ranges  0x00000678      0x240 src/ASF/sam/drivers/pmc/pmc.o
 .debug_ranges  0x000008b8       0x50 src/ASF/sam/drivers/pmc/sleep.o
 .debug_ranges  0x00000908       0x18 src/ASF/sam/utils/cmsis/same70/source/templates/gcc/startup_same70.o
 .debug_ranges  0x00000920       0x20 src/ASF/sam/utils/cmsis/same70/source/templates/system_same70.o
 .debug_ranges  0x00000940       0x50 src/ASF/sam/utils/syscalls/gcc/syscalls.o
 .debug_ranges  0x00000990       0xd8 src/main.o

.debug_macro    0x00000000    0x21e1e
 .debug_macro   0x00000000      0x660 src/ASF/sam/drivers/rtt/rtt.o
 .debug_macro   0x00000660      0x8c8 src/ASF/sam/drivers/rtt/rtt.o
 .debug_macro   0x00000f28      0x16d src/ASF/sam/drivers/rtt/rtt.o
 .debug_macro   0x00001095      0x64b src/ASF/sam/drivers/rtt/rtt.o
 .debug_macro   0x000016e0       0x76 src/ASF/sam/drivers/rtt/rtt.o
 .debug_macro   0x00001756       0x16 src/ASF/sam/drivers/rtt/rtt.o
 .debug_macro   0x0000176c      0x6e4 src/ASF/sam/drivers/rtt/rtt.o
 .debug_macro   0x00001e50       0x22 src/ASF/sam/drivers/rtt/rtt.o
 .debug_macro   0x00001e72       0x87 src/ASF/sam/drivers/rtt/rtt.o
 .debug_macro   0x00001ef9       0x51 src/ASF/sam/drivers/rtt/rtt.o
 .debug_macro   0x00001f4a       0xef src/ASF/sam/drivers/rtt/rtt.o
 .debug_macro   0x00002039       0x6a src/ASF/sam/drivers/rtt/rtt.o
 .debug_macro   0x000020a3      0x1df src/ASF/sam/drivers/rtt/rtt.o
 .debug_macro   0x00002282       0x4a src/ASF/sam/drivers/rtt/rtt.o
 .debug_macro   0x000022cc       0x3b src/ASF/sam/drivers/rtt/rtt.o
 .debug_macro   0x00002307       0x2d src/ASF/sam/drivers/rtt/rtt.o
 .debug_macro   0x00002334       0x26 src/ASF/sam/drivers/rtt/rtt.o
 .debug_macro   0x0000235a      0xf9a src/ASF/sam/drivers/rtt/rtt.o
 .debug_macro   0x000032f4      0x175 src/ASF/sam/drivers/rtt/rtt.o
 .debug_macro   0x00003469      0x257 src/ASF/sam/drivers/rtt/rtt.o
 .debug_macro   0x000036c0      0xa0f src/ASF/sam/drivers/rtt/rtt.o
 .debug_macro   0x000040cf      0x1b9 src/ASF/sam/drivers/rtt/rtt.o
 .debug_macro   0x00004288      0x336 src/ASF/sam/drivers/rtt/rtt.o
 .debug_macro   0x000045be      0x15b src/ASF/sam/drivers/rtt/rtt.o
 .debug_macro   0x00004719     0x1851 src/ASF/sam/drivers/rtt/rtt.o
 .debug_macro   0x00005f6a       0x1c src/ASF/sam/drivers/rtt/rtt.o
 .debug_macro   0x00005f86      0x68d src/ASF/sam/drivers/rtt/rtt.o
 .debug_macro   0x00006613      0x31e src/ASF/sam/drivers/rtt/rtt.o
 .debug_macro   0x00006931      0x4d4 src/ASF/sam/drivers/rtt/rtt.o
 .debug_macro   0x00006e05      0x56e src/ASF/sam/drivers/rtt/rtt.o
 .debug_macro   0x00007373     0x1332 src/ASF/sam/drivers/rtt/rtt.o
 .debug_macro   0x000086a5     0x278d src/ASF/sam/drivers/rtt/rtt.o
 .debug_macro   0x0000ae32     0x102b src/ASF/sam/drivers/rtt/rtt.o
 .debug_macro   0x0000be5d      0xe01 src/ASF/sam/drivers/rtt/rtt.o
 .debug_macro   0x0000cc5e      0x3b1 src/ASF/sam/drivers/rtt/rtt.o
 .debug_macro   0x0000d00f       0xa0 src/ASF/sam/drivers/rtt/rtt.o
 .debug_macro   0x0000d0af       0x76 src/ASF/sam/drivers/rtt/rtt.o
 .debug_macro   0x0000d125      0x409 src/ASF/sam/drivers/rtt/rtt.o
 .debug_macro   0x0000d52e       0x64 src/ASF/sam/drivers/rtt/rtt.o
 .debug_macro   0x0000d592      0x284 src/ASF/sam/drivers/rtt/rtt.o
 .debug_macro   0x0000d816      0x1d0 src/ASF/sam/drivers/rtt/rtt.o
 .debug_macro   0x0000d9e6      0x248 src/ASF/sam/drivers/rtt/rtt.o
 .debug_macro   0x0000dc2e      0x524 src/ASF/sam/drivers/rtt/rtt.o
 .debug_macro   0x0000e152      0x63b src/ASF/sam/drivers/rtt/rtt.o
 .debug_macro   0x0000e78d      0x6b8 src/ASF/sam/drivers/rtt/rtt.o
 .debug_macro   0x0000ee45       0x4c src/ASF/sam/drivers/rtt/rtt.o
 .debug_macro   0x0000ee91      0x468 src/ASF/sam/drivers/rtt/rtt.o
 .debug_macro   0x0000f2f9      0x207 src/ASF/sam/drivers/rtt/rtt.o
 .debug_macro   0x0000f500      0x866 src/ASF/sam/drivers/rtt/rtt.o
 .debug_macro   0x0000fd66     0x1547 src/ASF/sam/drivers/rtt/rtt.o
 .debug_macro   0x000112ad       0x40 src/ASF/sam/drivers/rtt/rtt.o
 .debug_macro   0x000112ed       0x76 src/ASF/sam/drivers/rtt/rtt.o
 .debug_macro   0x00011363      0xdaf src/ASF/sam/drivers/rtt/rtt.o
 .debug_macro   0x00012112       0x82 src/ASF/sam/drivers/rtt/rtt.o
 .debug_macro   0x00012194       0x76 src/ASF/sam/drivers/rtt/rtt.o
 .debug_macro   0x0001220a       0x4c src/ASF/sam/drivers/rtt/rtt.o
 .debug_macro   0x00012256      0x135 src/ASF/sam/drivers/rtt/rtt.o
 .debug_macro   0x0001238b      0x135 src/ASF/sam/drivers/rtt/rtt.o
 .debug_macro   0x000124c0      0x135 src/ASF/sam/drivers/rtt/rtt.o
 .debug_macro   0x000125f5       0x6a src/ASF/sam/drivers/rtt/rtt.o
 .debug_macro   0x0001265f       0x6a src/ASF/sam/drivers/rtt/rtt.o
 .debug_macro   0x000126c9      0x313 src/ASF/sam/drivers/rtt/rtt.o
 .debug_macro   0x000129dc       0xb2 src/ASF/sam/drivers/rtt/rtt.o
 .debug_macro   0x00012a8e       0xb2 src/ASF/sam/drivers/rtt/rtt.o
 .debug_macro   0x00012b40       0xb2 src/ASF/sam/drivers/rtt/rtt.o
 .debug_macro   0x00012bf2      0x11d src/ASF/sam/drivers/rtt/rtt.o
 .debug_macro   0x00012d0f      0x11d src/ASF/sam/drivers/rtt/rtt.o
 .debug_macro   0x00012e2c      0x2cd src/ASF/sam/drivers/rtt/rtt.o
 .debug_macro   0x000130f9       0xb8 src/ASF/sam/drivers/rtt/rtt.o
 .debug_macro   0x000131b1       0x5e src/ASF/sam/drivers/rtt/rtt.o
 .debug_macro   0x0001320f       0x40 src/ASF/sam/drivers/rtt/rtt.o
 .debug_macro   0x0001324f       0x4c src/ASF/sam/drivers/rtt/rtt.o
 .debug_macro   0x0001329b       0xa0 src/ASF/sam/drivers/rtt/rtt.o
 .debug_macro   0x0001333b      0x494 src/ASF/sam/drivers/rtt/rtt.o
 .debug_macro   0x000137cf      0x135 src/ASF/sam/drivers/rtt/rtt.o
 .debug_macro   0x00013904       0x4c src/ASF/sam/drivers/rtt/rtt.o
 .debug_macro   0x00013950      0x313 src/ASF/sam/drivers/rtt/rtt.o
 .debug_macro   0x00013c63       0x6a src/ASF/sam/drivers/rtt/rtt.o
 .debug_macro   0x00013ccd       0xb8 src/ASF/sam/drivers/rtt/rtt.o
 .debug_macro   0x00013d85       0x6a src/ASF/sam/drivers/rtt/rtt.o
 .debug_macro   0x00013def       0x2e src/ASF/sam/drivers/rtt/rtt.o
 .debug_macro   0x00013e1d      0x9b1 src/ASF/sam/drivers/rtt/rtt.o
 .debug_macro   0x000147ce       0x6a src/ASF/sam/drivers/rtt/rtt.o
 .debug_macro   0x00014838       0x88 src/ASF/sam/drivers/rtt/rtt.o
 .debug_macro   0x000148c0       0x58 src/ASF/sam/drivers/rtt/rtt.o
 .debug_macro   0x00014918       0xe2 src/ASF/sam/drivers/rtt/rtt.o
 .debug_macro   0x000149fa       0x16 src/ASF/sam/drivers/rtt/rtt.o
 .debug_macro   0x00014a10       0xe2 src/ASF/sam/drivers/rtt/rtt.o
 .debug_macro   0x00014af2       0x4c src/ASF/sam/drivers/rtt/rtt.o
 .debug_macro   0x00014b3e       0x16 src/ASF/sam/drivers/rtt/rtt.o
 .debug_macro   0x00014b54       0x4c src/ASF/sam/drivers/rtt/rtt.o
 .debug_macro   0x00014ba0       0x2e src/ASF/sam/drivers/rtt/rtt.o
 .debug_macro   0x00014bce      0x1b5 src/ASF/sam/drivers/rtt/rtt.o
 .debug_macro   0x00014d83      0x1b5 src/ASF/sam/drivers/rtt/rtt.o
 .debug_macro   0x00014f38      0x1b5 src/ASF/sam/drivers/rtt/rtt.o
 .debug_macro   0x000150ed      0x1b5 src/ASF/sam/drivers/rtt/rtt.o
 .debug_macro   0x000152a2      0x1b5 src/ASF/sam/drivers/rtt/rtt.o
 .debug_macro   0x00015457       0x1c src/ASF/sam/drivers/rtt/rtt.o
 .debug_macro   0x00015473       0x2e src/ASF/sam/drivers/rtt/rtt.o
 .debug_macro   0x000154a1       0x22 src/ASF/sam/drivers/rtt/rtt.o
 .debug_macro   0x000154c3       0x1c src/ASF/sam/drivers/rtt/rtt.o
 .debug_macro   0x000154df       0x52 src/ASF/sam/drivers/rtt/rtt.o
 .debug_macro   0x00015531       0x10 src/ASF/sam/drivers/rtt/rtt.o
 .debug_macro   0x00015541       0x1c src/ASF/sam/drivers/rtt/rtt.o
 .debug_macro   0x0001555d       0x4c src/ASF/sam/drivers/rtt/rtt.o
 .debug_macro   0x000155a9       0x4c src/ASF/sam/drivers/rtt/rtt.o
 .debug_macro   0x000155f5       0x4c src/ASF/sam/drivers/rtt/rtt.o
 .debug_macro   0x00015641      0x31b src/ASF/sam/drivers/rtt/rtt.o
 .debug_macro   0x0001595c     0x1022 src/ASF/sam/drivers/rtt/rtt.o
 .debug_macro   0x0001697e      0x107 src/ASF/sam/drivers/rtt/rtt.o
 .debug_macro   0x00016a85       0x58 src/ASF/sam/drivers/rtt/rtt.o
 .debug_macro   0x00016add       0x35 src/ASF/sam/drivers/rtt/rtt.o
 .debug_macro   0x00016b12       0x9c src/ASF/sam/drivers/rtt/rtt.o
 .debug_macro   0x00016bae       0x16 src/ASF/sam/drivers/rtt/rtt.o
 .debug_macro   0x00016bc4       0x35 src/ASF/sam/drivers/rtt/rtt.o
 .debug_macro   0x00016bf9      0x353 src/ASF/sam/drivers/rtt/rtt.o
 .debug_macro   0x00016f4c       0x10 src/ASF/sam/drivers/rtt/rtt.o
 .debug_macro   0x00016f5c       0x58 src/ASF/sam/drivers/rtt/rtt.o
 .debug_macro   0x00016fb4       0x1f src/ASF/sam/drivers/rtt/rtt.o
 .debug_macro   0x00016fd3       0x43 src/ASF/sam/drivers/rtt/rtt.o
 .debug_macro   0x00017016       0x20 src/ASF/sam/drivers/rtt/rtt.o
 .debug_macro   0x00017036      0x187 src/ASF/sam/drivers/rtt/rtt.o
 .debug_macro   0x000171bd       0x10 src/ASF/sam/drivers/rtt/rtt.o
 .debug_macro   0x000171cd       0x1c src/ASF/sam/drivers/rtt/rtt.o
 .debug_macro   0x000171e9       0x52 src/ASF/sam/drivers/rtt/rtt.o
 .debug_macro   0x0001723b       0x40 src/ASF/sam/drivers/rtt/rtt.o
 .debug_macro   0x0001727b       0x10 src/ASF/sam/drivers/rtt/rtt.o
 .debug_macro   0x0001728b       0x40 src/ASF/sam/drivers/rtt/rtt.o
 .debug_macro   0x000172cb       0xd7 src/ASF/sam/drivers/rtt/rtt.o
 .debug_macro   0x000173a2       0x16 src/ASF/sam/drivers/rtt/rtt.o
 .debug_macro   0x000173b8      0x18b src/ASF/sam/drivers/rtt/rtt.o
 .debug_macro   0x00017543       0x22 src/ASF/sam/drivers/rtt/rtt.o
 .debug_macro   0x00017565       0x16 src/ASF/sam/drivers/rtt/rtt.o
 .debug_macro   0x0001757b       0x16 src/ASF/sam/drivers/rtt/rtt.o
 .debug_macro   0x00017591       0x29 src/ASF/sam/drivers/rtt/rtt.o
 .debug_macro   0x000175ba       0x75 src/ASF/sam/drivers/rtt/rtt.o
 .debug_macro   0x0001762f       0x3f src/ASF/sam/drivers/rtt/rtt.o
 .debug_macro   0x0001766e      0x3ca src/ASF/sam/drivers/rtt/rtt.o
 .debug_macro   0x00017a38      0x6d9 src/ASF/sam/drivers/spi/spi.o
 .debug_macro   0x00018111       0x10 src/ASF/sam/drivers/spi/spi.o
 .debug_macro   0x00018121       0x3a src/ASF/sam/drivers/spi/spi.o
 .debug_macro   0x0001815b      0x2c6 src/ASF/sam/drivers/spi/spi.o
 .debug_macro   0x00018421      0xa96 src/ASF/sam/drivers/spi/spi.o
 .debug_macro   0x00018eb7       0x70 src/ASF/sam/drivers/spi/spi.o
 .debug_macro   0x00018f27       0x64 src/ASF/sam/drivers/spi/spi.o
 .debug_macro   0x00018f8b       0x5f src/ASF/sam/drivers/spi/spi.o
 .debug_macro   0x00018fea       0xac src/ASF/sam/drivers/spi/spi.o
 .debug_macro   0x00019096      0x66d src/ASF/sam/drivers/tc/tc.o
 .debug_macro   0x00019703       0x52 src/ASF/sam/drivers/tc/tc.o
 .debug_macro   0x00019755       0x8d src/ASF/sam/drivers/tc/tc.o
 .debug_macro   0x000197e2       0x16 src/ASF/sam/drivers/tc/tc.o
 .debug_macro   0x000197f8       0x57 src/ASF/sam/drivers/tc/tc.o
 .debug_macro   0x0001984f       0x1c src/ASF/sam/drivers/tc/tc.o
 .debug_macro   0x0001986b      0x7db src/oled/gfx_mono_framebuffer.o
 .debug_macro   0x0001a046       0x50 src/oled/gfx_mono_framebuffer.o
 .debug_macro   0x0001a096       0x22 src/oled/gfx_mono_framebuffer.o
 .debug_macro   0x0001a0b8       0x7b src/oled/gfx_mono_framebuffer.o
 .debug_macro   0x0001a133       0x28 src/oled/gfx_mono_framebuffer.o
 .debug_macro   0x0001a15b       0x23 src/oled/gfx_mono_framebuffer.o
 .debug_macro   0x0001a17e       0x94 src/oled/gfx_mono_framebuffer.o
 .debug_macro   0x0001a212       0x40 src/oled/gfx_mono_framebuffer.o
 .debug_macro   0x0001a252       0x88 src/oled/gfx_mono_framebuffer.o
 .debug_macro   0x0001a2da      0x1ce src/oled/gfx_mono_framebuffer.o
 .debug_macro   0x0001a4a8       0x34 src/oled/gfx_mono_framebuffer.o
 .debug_macro   0x0001a4dc       0x16 src/oled/gfx_mono_framebuffer.o
 .debug_macro   0x0001a4f2       0x1c src/oled/gfx_mono_framebuffer.o
 .debug_macro   0x0001a50e       0x16 src/oled/gfx_mono_framebuffer.o
 .debug_macro   0x0001a524       0x28 src/oled/gfx_mono_framebuffer.o
 .debug_macro   0x0001a54c       0xd1 src/oled/gfx_mono_framebuffer.o
 .debug_macro   0x0001a61d       0x8b src/oled/gfx_mono_framebuffer.o
 .debug_macro   0x0001a6a8      0x7db src/oled/gfx_mono_generic.o
 .debug_macro   0x0001ae83      0x7f4 src/oled/gfx_mono_text.o
 .debug_macro   0x0001b677      0x7df src/oled/gfx_mono_ug_2832hsweg04.o
 .debug_macro   0x0001be56       0x28 src/oled/gfx_mono_ug_2832hsweg04.o
 .debug_macro   0x0001be7e      0x7b5 src/oled/ssd1306.o
 .debug_macro   0x0001c633      0x69c src/oled/sysfont.o
 .debug_macro   0x0001cccf       0x3a src/oled/sysfont.o
 .debug_macro   0x0001cd09      0x665 src/ASF/common/services/delay/sam/cycle_counter.o
 .debug_macro   0x0001d36e       0x22 src/ASF/common/services/delay/sam/cycle_counter.o
 .debug_macro   0x0001d390      0x6d1 src/ASF/common/services/clock/same70/sysclk.o
 .debug_macro   0x0001da61      0x2c0 src/ASF/common/services/clock/same70/sysclk.o
 .debug_macro   0x0001dd21      0x655 src/ASF/common/utils/interrupt/interrupt_sam_nvic.o
 .debug_macro   0x0001e376      0x70b src/ASF/sam/boards/same70_xplained/init.o
 .debug_macro   0x0001ea81       0x82 src/ASF/sam/boards/same70_xplained/init.o
 .debug_macro   0x0001eb03      0x66b src/ASF/sam/drivers/pio/pio.o
 .debug_macro   0x0001f16e       0x8e src/ASF/sam/drivers/pio/pio.o
 .debug_macro   0x0001f1fc      0x676 src/ASF/sam/drivers/pio/pio_handler.o
 .debug_macro   0x0001f872      0x66b src/ASF/sam/drivers/pmc/pmc.o
 .debug_macro   0x0001fedd       0x6a src/ASF/sam/drivers/pmc/pmc.o
 .debug_macro   0x0001ff47      0x684 src/ASF/sam/drivers/pmc/sleep.o
 .debug_macro   0x000205cb      0x664 src/ASF/sam/utils/cmsis/same70/source/templates/gcc/startup_same70.o
 .debug_macro   0x00020c2f       0x10 src/ASF/sam/utils/cmsis/same70/source/templates/gcc/startup_same70.o
 .debug_macro   0x00020c3f      0x455 src/ASF/sam/utils/cmsis/same70/source/templates/system_same70.o
 .debug_macro   0x00021094      0x1d6 src/ASF/sam/utils/syscalls/gcc/syscalls.o
 .debug_macro   0x0002126a       0x97 src/ASF/sam/utils/syscalls/gcc/syscalls.o
 .debug_macro   0x00021301       0xf6 src/ASF/sam/utils/syscalls/gcc/syscalls.o
 .debug_macro   0x000213f7       0x4c src/ASF/sam/utils/syscalls/gcc/syscalls.o
 .debug_macro   0x00021443       0x16 src/ASF/sam/utils/syscalls/gcc/syscalls.o
 .debug_macro   0x00021459       0x10 src/ASF/sam/utils/syscalls/gcc/syscalls.o
 .debug_macro   0x00021469       0x10 src/ASF/sam/utils/syscalls/gcc/syscalls.o
 .debug_macro   0x00021479       0x35 src/ASF/sam/utils/syscalls/gcc/syscalls.o
 .debug_macro   0x000214ae      0x122 src/ASF/sam/utils/syscalls/gcc/syscalls.o
 .debug_macro   0x000215d0      0x84e src/main.o

.debug_line     0x00000000     0xfbc9
 .debug_line    0x00000000      0xa72 src/ASF/sam/drivers/rtt/rtt.o
 .debug_line    0x00000a72      0xc41 src/ASF/sam/drivers/spi/spi.o
 .debug_line    0x000016b3      0xb85 src/ASF/sam/drivers/tc/tc.o
 .debug_line    0x00002238      0xe63 src/oled/gfx_mono_framebuffer.o
 .debug_line    0x0000309b      0xf17 src/oled/gfx_mono_generic.o
 .debug_line    0x00003fb2      0xe71 src/oled/gfx_mono_text.o
 .debug_line    0x00004e23      0xeeb src/oled/gfx_mono_ug_2832hsweg04.o
 .debug_line    0x00005d0e      0xe40 src/oled/ssd1306.o
 .debug_line    0x00006b4e      0xa1b src/oled/sysfont.o
 .debug_line    0x00007569      0x9ed src/ASF/common/services/delay/sam/cycle_counter.o
 .debug_line    0x00007f56      0xb4f src/ASF/common/services/clock/same70/sysclk.o
 .debug_line    0x00008aa5      0xa01 src/ASF/common/utils/interrupt/interrupt_sam_nvic.o
 .debug_line    0x000094a6      0xc04 src/ASF/sam/boards/same70_xplained/init.o
 .debug_line    0x0000a0aa      0xee3 src/ASF/sam/drivers/pio/pio.o
 .debug_line    0x0000af8d      0xabf src/ASF/sam/drivers/pio/pio_handler.o
 .debug_line    0x0000ba4c     0x106b src/ASF/sam/drivers/pmc/pmc.o
 .debug_line    0x0000cab7      0xb4c src/ASF/sam/drivers/pmc/sleep.o
 .debug_line    0x0000d603      0xa73 src/ASF/sam/utils/cmsis/same70/source/templates/gcc/startup_same70.o
 .debug_line    0x0000e076      0x7e9 src/ASF/sam/utils/cmsis/same70/source/templates/system_same70.o
 .debug_line    0x0000e85f      0x40b src/ASF/sam/utils/syscalls/gcc/syscalls.o
 .debug_line    0x0000ec6a      0xf5f src/main.o

.debug_str      0x00000000    0x90595
 .debug_str     0x00000000    0x81996 src/ASF/sam/drivers/rtt/rtt.o
                              0x82027 (size before relaxing)
 .debug_str     0x00081996     0x4610 src/ASF/sam/drivers/spi/spi.o
                              0x8653c (size before relaxing)
 .debug_str     0x00085fa6      0x386 src/ASF/sam/drivers/tc/tc.o
                              0x82285 (size before relaxing)
 .debug_str     0x0008632c     0x2abe src/oled/gfx_mono_framebuffer.o
                              0x88c28 (size before relaxing)
 .debug_str     0x00088dea      0x256 src/oled/gfx_mono_generic.o
                              0x88d6c (size before relaxing)
 .debug_str     0x00089040      0x1f0 src/oled/gfx_mono_text.o
                              0x88d47 (size before relaxing)
 .debug_str     0x00089230      0x11c src/oled/gfx_mono_ug_2832hsweg04.o
                              0x88d08 (size before relaxing)
 .debug_str     0x0008934c      0x612 src/oled/ssd1306.o
                              0x88940 (size before relaxing)
 .debug_str     0x0008995e     0x3ee1 src/oled/sysfont.o
                              0x8616e (size before relaxing)
 .debug_str     0x0008d83f       0x35 src/ASF/common/services/delay/sam/cycle_counter.o
                              0x820a2 (size before relaxing)
 .debug_str     0x0008d874      0x3f1 src/ASF/common/services/clock/same70/sysclk.o
                              0x865c0 (size before relaxing)
 .debug_str     0x0008dc65       0x94 src/ASF/common/utils/interrupt/interrupt_sam_nvic.o
                              0x81f72 (size before relaxing)
 .debug_str     0x0008dcf9      0x4f4 src/ASF/sam/boards/same70_xplained/init.o
                              0x870b0 (size before relaxing)
 .debug_str     0x0008e1ed      0x559 src/ASF/sam/drivers/pio/pio.o
                              0x82ac8 (size before relaxing)
 .debug_str     0x0008e746      0x437 src/ASF/sam/drivers/pio/pio_handler.o
                              0x82bea (size before relaxing)
 .debug_str     0x0008eb7d      0x68e src/ASF/sam/drivers/pmc/pmc.o
                              0x82c2c (size before relaxing)
 .debug_str     0x0008f20b      0x165 src/ASF/sam/drivers/pmc/sleep.o
                              0x85eeb (size before relaxing)
 .debug_str     0x0008f370      0x64c src/ASF/sam/utils/cmsis/same70/source/templates/gcc/startup_same70.o
                              0x8273f (size before relaxing)
 .debug_str     0x0008f9bc      0x137 src/ASF/sam/utils/cmsis/same70/source/templates/system_same70.o
                              0x7284b (size before relaxing)
 .debug_str     0x0008faf3      0x779 src/ASF/sam/utils/syscalls/gcc/syscalls.o
                               0x747c (size before relaxing)
 .debug_str     0x0009026c      0x329 src/main.o
                              0x8d7ae (size before relaxing)

.debug_frame    0x00000000     0x2194
 .debug_frame   0x00000000       0xac src/ASF/sam/drivers/rtt/rtt.o
 .debug_frame   0x000000ac      0x140 src/ASF/sam/drivers/spi/spi.o
 .debug_frame   0x000001ec      0x1a8 src/ASF/sam/drivers/tc/tc.o
 .debug_frame   0x00000394       0xdc src/oled/gfx_mono_framebuffer.o
 .debug_frame   0x00000470      0x168 src/oled/gfx_mono_generic.o
 .debug_frame   0x000005d8       0xc8 src/oled/gfx_mono_text.o
 .debug_frame   0x000006a0      0x124 src/oled/gfx_mono_ug_2832hsweg04.o
 .debug_frame   0x000007c4       0x6c src/oled/ssd1306.o
 .debug_frame   0x00000830       0x20 src/ASF/common/services/delay/sam/cycle_counter.o
 .debug_frame   0x00000850       0x88 src/ASF/common/services/clock/same70/sysclk.o
 .debug_frame   0x000008d8       0x30 src/ASF/common/utils/interrupt/interrupt_sam_nvic.o
 .debug_frame   0x00000908       0x30 src/ASF/sam/boards/same70_xplained/init.o
 .debug_frame   0x00000938      0x390 src/ASF/sam/drivers/pio/pio.o
 .debug_frame   0x00000cc8      0x110 src/ASF/sam/drivers/pio/pio_handler.o
 .debug_frame   0x00000dd8      0x494 src/ASF/sam/drivers/pmc/pmc.o
 .debug_frame   0x0000126c       0x5c src/ASF/sam/drivers/pmc/sleep.o
 .debug_frame   0x000012c8       0x38 src/ASF/sam/utils/cmsis/same70/source/templates/gcc/startup_same70.o
 .debug_frame   0x00001300       0x40 src/ASF/sam/utils/cmsis/same70/source/templates/system_same70.o
 .debug_frame   0x00001340       0xa0 src/ASF/sam/utils/syscalls/gcc/syscalls.o
 .debug_frame   0x000013e0      0x1c8 src/main.o
 .debug_frame   0x000015a8       0xac c:/program files (x86)/atmel/studio/7.0/toolchain/arm/arm-gnu-toolchain/bin/../lib/gcc/arm-none-eabi/6.3.1/thumb/v7e-m\libgcc.a(_arm_addsubdf3.o)
 .debug_frame   0x00001654       0x2c c:/program files (x86)/atmel/studio/7.0/toolchain/arm/arm-gnu-toolchain/bin/../lib/gcc/arm-none-eabi/6.3.1/../../../../arm-none-eabi/lib/thumb/v7e-m\libc.a(lib_a-init.o)
 .debug_frame   0x00001680       0x34 c:/program files (x86)/atmel/studio/7.0/toolchain/arm/arm-gnu-toolchain/bin/../lib/gcc/arm-none-eabi/6.3.1/../../../../arm-none-eabi/lib/thumb/v7e-m\libc.a(lib_a-memset.o)
 .debug_frame   0x000016b4       0x84 c:/program files (x86)/atmel/studio/7.0/toolchain/arm/arm-gnu-toolchain/bin/../lib/gcc/arm-none-eabi/6.3.1/../../../../arm-none-eabi/lib/thumb/v7e-m\libc.a(lib_a-sprintf.o)
 .debug_frame   0x00001738       0x40 c:/program files (x86)/atmel/studio/7.0/toolchain/arm/arm-gnu-toolchain/bin/../lib/gcc/arm-none-eabi/6.3.1/../../../../arm-none-eabi/lib/thumb/v7e-m\libc.a(lib_a-svfprintf.o)
 .debug_frame   0x00001778       0x5c c:/program files (x86)/atmel/studio/7.0/toolchain/arm/arm-gnu-toolchain/bin/../lib/gcc/arm-none-eabi/6.3.1/../../../../arm-none-eabi/lib/thumb/v7e-m\libc.a(lib_a-__call_atexit.o)
 .debug_frame   0x000017d4       0x20 c:/program files (x86)/atmel/studio/7.0/toolchain/arm/arm-gnu-toolchain/bin/../lib/gcc/arm-none-eabi/6.3.1/../../../../arm-none-eabi/lib/thumb/v7e-m\libc.a(lib_a-atexit.o)
 .debug_frame   0x000017f4       0x88 c:/program files (x86)/atmel/studio/7.0/toolchain/arm/arm-gnu-toolchain/bin/../lib/gcc/arm-none-eabi/6.3.1/../../../../arm-none-eabi/lib/thumb/v7e-m\libc.a(lib_a-dtoa.o)
 .debug_frame   0x0000187c       0x34 c:/program files (x86)/atmel/studio/7.0/toolchain/arm/arm-gnu-toolchain/bin/../lib/gcc/arm-none-eabi/6.3.1/../../../../arm-none-eabi/lib/thumb/v7e-m\libc.a(lib_a-fini.o)
 .debug_frame   0x000018b0       0x40 c:/program files (x86)/atmel/studio/7.0/toolchain/arm/arm-gnu-toolchain/bin/../lib/gcc/arm-none-eabi/6.3.1/../../../../arm-none-eabi/lib/thumb/v7e-m\libc.a(lib_a-localeconv.o)
 .debug_frame   0x000018f0       0xb0 c:/program files (x86)/atmel/studio/7.0/toolchain/arm/arm-gnu-toolchain/bin/../lib/gcc/arm-none-eabi/6.3.1/../../../../arm-none-eabi/lib/thumb/v7e-m\libc.a(lib_a-lock.o)
 .debug_frame   0x000019a0       0x58 c:/program files (x86)/atmel/studio/7.0/toolchain/arm/arm-gnu-toolchain/bin/../lib/gcc/arm-none-eabi/6.3.1/../../../../arm-none-eabi/lib/thumb/v7e-m\libc.a(lib_a-mallocr.o)
 .debug_frame   0x000019f8       0x30 c:/program files (x86)/atmel/studio/7.0/toolchain/arm/arm-gnu-toolchain/bin/../lib/gcc/arm-none-eabi/6.3.1/../../../../arm-none-eabi/lib/thumb/v7e-m\libc.a(lib_a-mlock.o)
 .debug_frame   0x00001a28      0x25c c:/program files (x86)/atmel/studio/7.0/toolchain/arm/arm-gnu-toolchain/bin/../lib/gcc/arm-none-eabi/6.3.1/../../../../arm-none-eabi/lib/thumb/v7e-m\libc.a(lib_a-mprec.o)
 .debug_frame   0x00001c84       0x2c c:/program files (x86)/atmel/studio/7.0/toolchain/arm/arm-gnu-toolchain/bin/../lib/gcc/arm-none-eabi/6.3.1/../../../../arm-none-eabi/lib/thumb/v7e-m\libc.a(lib_a-sbrkr.o)
 .debug_frame   0x00001cb0       0x78 c:/program files (x86)/atmel/studio/7.0/toolchain/arm/arm-gnu-toolchain/bin/../lib/gcc/arm-none-eabi/6.3.1/../../../../arm-none-eabi/lib/thumb/v7e-m\libc.a(lib_a-svfiprintf.o)
 .debug_frame   0x00001d28       0x34 c:/program files (x86)/atmel/studio/7.0/toolchain/arm/arm-gnu-toolchain/bin/../lib/gcc/arm-none-eabi/6.3.1/../../../../arm-none-eabi/lib/thumb/v7e-m\libc.a(lib_a-__atexit.o)
 .debug_frame   0x00001d5c       0x28 c:/program files (x86)/atmel/studio/7.0/toolchain/arm/arm-gnu-toolchain/bin/../lib/gcc/arm-none-eabi/6.3.1/../../../../arm-none-eabi/lib/thumb/v7e-m\libc.a(lib_a-callocr.o)
 .debug_frame   0x00001d84       0x74 c:/program files (x86)/atmel/studio/7.0/toolchain/arm/arm-gnu-toolchain/bin/../lib/gcc/arm-none-eabi/6.3.1/../../../../arm-none-eabi/lib/thumb/v7e-m\libc.a(lib_a-freer.o)
 .debug_frame   0x00001df8       0x6c c:/program files (x86)/atmel/studio/7.0/toolchain/arm/arm-gnu-toolchain/bin/../lib/gcc/arm-none-eabi/6.3.1/../../../../arm-none-eabi/lib/thumb/v7e-m\libc.a(lib_a-locale.o)